Component: ARM Compiler 5.06 update 7 (build 960) Tool: armlink [4d3601]

==============================================================================

Section Cross References

    startup_stm32f10x_hd.o(RESET) refers to startup_stm32f10x_hd.o(STACK) for __initial_sp
    startup_stm32f10x_hd.o(RESET) refers to startup_stm32f10x_hd.o(.text) for Reset_Handler
    startup_stm32f10x_hd.o(RESET) refers to stm32f10x_it.o(.text) for NMI_Handler
    startup_stm32f10x_hd.o(.text) refers to system_stm32f10x.o(.text) for SystemInit
    startup_stm32f10x_hd.o(.text) refers to entry.o(.ARM.Collect$$$$00000000) for __main
    system_stm32f10x.o(.text) refers to system_stm32f10x.o(.data) for .data
    stm32f10x_adc.o(.text) refers to stm32f10x_rcc.o(.text) for RCC_APB2PeriphResetCmd
    stm32f10x_bkp.o(.text) refers to stm32f10x_rcc.o(.text) for RCC_BackupResetCmd
    stm32f10x_can.o(.text) refers to stm32f10x_rcc.o(.text) for RCC_APB1PeriphResetCmd
    stm32f10x_cec.o(.text) refers to stm32f10x_rcc.o(.text) for RCC_APB1PeriphResetCmd
    stm32f10x_dac.o(.text) refers to stm32f10x_rcc.o(.text) for RCC_APB1PeriphResetCmd
    stm32f10x_gpio.o(.text) refers to stm32f10x_rcc.o(.text) for RCC_APB2PeriphResetCmd
    stm32f10x_i2c.o(.text) refers to stm32f10x_rcc.o(.text) for RCC_APB1PeriphResetCmd
    stm32f10x_pwr.o(.text) refers to stm32f10x_rcc.o(.text) for RCC_APB1PeriphResetCmd
    stm32f10x_rcc.o(.text) refers to stm32f10x_rcc.o(.data) for .data
    stm32f10x_spi.o(.text) refers to stm32f10x_rcc.o(.text) for RCC_APB2PeriphResetCmd
    stm32f10x_tim.o(.text) refers to stm32f10x_rcc.o(.text) for RCC_APB2PeriphResetCmd
    stm32f10x_usart.o(.text) refers to stm32f10x_rcc.o(.text) for RCC_APB2PeriphResetCmd
    stm32f10x_wwdg.o(.text) refers to stm32f10x_rcc.o(.text) for RCC_APB1PeriphResetCmd
    main.o(.text) refers to bsp_systick.o(.text) for SysTick_Init
    main.o(.text) refers to bsp_generaltim.o(.text) for GENERAL_TIM_Init
    main.o(.text) refers to bsp_led.o(.text) for LED_GPIO_Config
    main.o(.text) refers to bsp_key.o(.text) for Key_GPIO_Config
    main.o(.text) refers to bsp_usart.o(.text) for USART_Config
    main.o(.text) refers to digital_led.o(.text) for Digital_Tube_Config
    main.o(.text) refers to bsp_rtc.o(.text) for RTC_NVIC_Config
    main.o(.text) refers to stm32f10x_rtc.o(.text) for RTC_GetCounter
    main.o(.text) refers to timerprocess.o(.text) for Time_Process
    main.o(.text) refers to main.o(.data) for .data
    main.o(.text) refers to main.o(.bss) for .bss
    main.o(.text) refers to bsp_rtc.o(.data) for TimeDisplay
    stm32f10x_it.o(.text) refers to stm32f10x_rtc.o(.text) for RTC_GetITStatus
    stm32f10x_it.o(.text) refers to main.o(.data) for gc10mscount
    stm32f10x_it.o(.text) refers to main.o(.data) for gi1scount
    stm32f10x_it.o(.text) refers to bsp_rtc.o(.data) for TimeDisplay
    stm32f10x_it.o(.text) refers to bsp_rtc.o(.data) for TimeAlarm
    bsp_usart.o(.text) refers to stm32f10x_rcc.o(.text) for RCC_APB2PeriphClockCmd
    bsp_usart.o(.text) refers to stm32f10x_gpio.o(.text) for GPIO_Init
    bsp_usart.o(.text) refers to stm32f10x_usart.o(.text) for USART_Init
    digital_led.o(.text) refers to stm32f10x_gpio.o(.text) for GPIO_ResetBits
    digital_led.o(.text) refers to stm32f10x_rcc.o(.text) for RCC_APB2PeriphClockCmd
    digital_led.o(.text) refers to digital_led.o(.constdata) for .constdata
    digital_led.o(.text) refers to main.o(.bss) for MyFlag
    digital_led.o(.text) refers to bsp_key.o(.data) for Key1_3sCount
    bsp_generaltim.o(.text) refers to stm32f10x_rcc.o(.text) for RCC_APB2PeriphClockCmd
    bsp_generaltim.o(.text) refers to stm32f10x_gpio.o(.text) for GPIO_Init
    bsp_generaltim.o(.text) refers to stm32f10x_tim.o(.text) for TIM_TimeBaseInit
    bsp_systick.o(.text) refers to system_stm32f10x.o(.data) for SystemCoreClock
    bsp_key.o(.text) refers to stm32f10x_rcc.o(.text) for RCC_APB2PeriphClockCmd
    bsp_key.o(.text) refers to stm32f10x_gpio.o(.text) for GPIO_Init
    bsp_key.o(.text) refers to bsp_rtc.o(.text) for Time_Regulate_Get
    bsp_key.o(.text) refers to stm32f10x_bkp.o(.text) for BKP_WriteBackupRegister
    bsp_key.o(.text) refers to main.o(.bss) for MyFlag
    bsp_key.o(.text) refers to bsp_key.o(.data) for .data
    bsp_led.o(.text) refers to stm32f10x_rcc.o(.text) for RCC_APB2PeriphClockCmd
    bsp_led.o(.text) refers to stm32f10x_gpio.o(.text) for GPIO_Init
    timerprocess.o(.text) refers to timerprocess.o(.data) for .data
    timerprocess.o(.text) refers to main.o(.bss) for MyFlag
    bsp_rtc.o(.text) refers to _scanf_int.o(.text) for _scanf_int
    bsp_rtc.o(.text) refers to misc.o(.text) for NVIC_PriorityGroupConfig
    bsp_rtc.o(.text) refers to stm32f10x_rcc.o(.text) for RCC_APB1PeriphClockCmd
    bsp_rtc.o(.text) refers to stm32f10x_pwr.o(.text) for PWR_BackupAccessCmd
    bsp_rtc.o(.text) refers to stm32f10x_bkp.o(.text) for BKP_DeInit
    bsp_rtc.o(.text) refers to stm32f10x_rtc.o(.text) for RTC_WaitForSynchro
[...]
    printf1.o(i.__0vfprintf$1) refers to printf1.o(i._printf_core) for _printf_core
    printf1.o(i.__0vfprintf$1) refers to bsp_usart.o(.text) for fputc
    printf1.o(i.__0vprintf$1) refers to printf1.o(i._printf_core) for _printf_core
    printf1.o(i.__0vprintf$1) refers to bsp_usart.o(.text) for fputc
    printf1.o(i.__0vprintf$1) refers to stdout.o(.data) for __stdout
    printf1.o(i.__0vsnprintf$1) refers to printf1.o(i._printf_core) for _printf_core
    printf1.o(i.__0vsnprintf$1) refers to printf1.o(i._snputc) for _snputc
    printf1.o(i.__0vsprintf$1) refers to printf1.o(i._printf_core) for _printf_core
    printf1.o(i.__0vsprintf$1) refers to printf1.o(i._sputc) for _sputc
    printf1.o(i._printf_core) refers to uidiv.o(.text) for __aeabi_uidivmod
    printf2.o(i.__0fprintf$2) refers to printf2.o(i._printf_core) for _printf_core
    printf2.o(i.__0fprintf$2) refers to bsp_usart.o(.text) for fputc
    printf2.o(i.__0printf$2) refers to printf2.o(i._printf_core) for _printf_core
    printf2.o(i.__0printf$2) refers to bsp_usart.o(.text) for fputc
    printf2.o(i.__0printf$2) refers to stdout.o(.data) for __stdout
    printf2.o(i.__0snprintf$2) refers to printf2.o(i._printf_core) for _printf_core
    printf2.o(i.__0snprintf$2) refers to printf2.o(i._snputc) for _snputc
    printf2.o(i.__0sprintf$2) refers to printf2.o(i._printf_core) for _printf_core
    printf2.o(i.__0sprintf$2) refers to printf2.o(i._sputc) for _sputc
    printf2.o(i.__0vfprintf$2) refers to printf2.o(i._printf_core) for _printf_core
    printf2.o(i.__0vfprintf$2) refers to bsp_usart.o(.text) for fputc
    printf2.o(i.__0vprintf$2) refers to printf2.o(i._printf_core) for _printf_core
    printf2.o(i.__0vprintf$2) refers to bsp_usart.o(.text) for fputc
    printf2.o(i.__0vprintf$2) refers to stdout.o(.data) for __stdout
    printf2.o(i.__0vsnprintf$2) refers to printf2.o(i._printf_core) for _printf_core
    printf2.o(i.__0vsnprintf$2) refers to printf2.o(i._snputc) for _snputc
    printf2.o(i.__0vsprintf$2) refers to printf2.o(i._printf_core) for _printf_core
    printf2.o(i.__0vsprintf$2) refers to printf2.o(i._sputc) for _sputc
    printf3.o(i.__0fprintf$3) refers to printf3.o(i._printf_core) for _printf_core
    printf3.o(i.__0fprintf$3) refers to bsp_usart.o(.text) for fputc
    printf3.o(i.__0printf$3) refers to printf3.o(i._printf_core) for _printf_core
    printf3.o(i.__0printf$3) refers to bsp_usart.o(.text) for fputc
    printf3.o(i.__0printf$3) refers to stdout.o(.data) for __stdout
    printf3.o(i.__0snprintf$3) refers to printf3.o(i._printf_core) for _printf_core
    printf3.o(i.__0snprintf$3) refers to printf3.o(i._snputc) for _snputc
    printf3.o(i.__0sprintf$3) refers to printf3.o(i._printf_core) for _printf_core
    printf3.o(i.__0sprintf$3) refers to printf3.o(i._sputc) for _sputc
    printf3.o(i.__0vfprintf$3) refers to printf3.o(i._printf_core) for _printf_core
    printf3.o(i.__0vfprintf$3) refers to bsp_usart.o(.text) for fputc
    printf3.o(i.__0vprintf$3) refers to printf3.o(i._printf_core) for _printf_core
    printf3.o(i.__0vprintf$3) refers to bsp_usart.o(.text) for fputc
    printf3.o(i.__0vprintf$3) refers to stdout.o(.data) for __stdout
    printf3.o(i.__0vsnprintf$3) refers to printf3.o(i._printf_core) for _printf_core
    printf3.o(i.__0vsnprintf$3) refers to printf3.o(i._snputc) for _snputc
    printf3.o(i.__0vsprintf$3) refers to printf3.o(i._printf_core) for _printf_core
    printf3.o(i.__0vsprintf$3) refers to printf3.o(i._sputc) for _sputc
    printf3.o(i._printf_core) refers to uidiv.o(.text) for __aeabi_uidivmod
    printf4.o(i.__0fprintf$4) refers to printf4.o(i._printf_core) for _printf_core
    printf4.o(i.__0fprintf$4) refers to bsp_usart.o(.text) for fputc
    printf4.o(i.__0printf$4) refers to printf4.o(i._printf_core) for _printf_core
    printf4.o(i.__0printf$4) refers to bsp_usart.o(.text) for fputc
    printf4.o(i.__0printf$4) refers to stdout.o(.data) for __stdout
    printf4.o(i.__0snprintf$4) refers to printf4.o(i._printf_core) for _printf_core
    printf4.o(i.__0snprintf$4) refers to printf4.o(i._snputc) for _snputc
    printf4.o(i.__0sprintf$4) refers to printf4.o(i._printf_core) for _printf_core
    printf4.o(i.__0sprintf$4) refers to printf4.o(i._sputc) for _sputc
    printf4.o(i.__0vfprintf$4) refers to printf4.o(i._printf_core) for _printf_core
    printf4.o(i.__0vfprintf$4) refers to bsp_usart.o(.text) for fputc
    printf4.o(i.__0vprintf$4) refers to printf4.o(i._printf_core) for _printf_core
    printf4.o(i.__0vprintf$4) refers to bsp_usart.o(.text) for fputc
    printf4.o(i.__0vprintf$4) refers to stdout.o(.data) for __stdout
    printf4.o(i.__0vsnprintf$4) refers to printf4.o(i._printf_core) for _printf_core
    printf4.o(i.__0vsnprintf$4) refers to printf4.o(i._snputc) for _snputc
    printf4.o(i.__0vsprintf$4) refers to printf4.o(i._printf_core) for _printf_core
    printf4.o(i.__0vsprintf$4) refers to printf4.o(i._sputc) for _sputc
    printf4.o(i._printf_core) refers to uldiv.o(.text) for __aeabi_uldivmod
    printf5.o(i.__0fprintf$5) refers to printf5.o(i._printf_core) for _printf_core
    printf5.o(i.__0fprintf$5) refers to bsp_usart.o(.text) for fputc
    printf5.o(i.__0printf$5) refers to printf5.o(i._printf_core) for _printf_core
    printf5.o(i.__0printf$5) refers to bsp_usart.o(.text) for fputc
    printf5.o(i.__0printf$5) refers to stdout.o(.data) for __stdout
    printf5.o(i.__0snprintf$5) refers to printf5.o(i._printf_core) for _printf_core
    printf5.o(i.__0snprintf$5) refers to printf5.o(i._snputc) for _snputc
    printf5.o(i.__0sprintf$5) refers to printf5.o(i._printf_core) for _printf_core
    printf5.o(i.__0sprintf$5) refers to printf5.o(i._sputc) for _sputc
    printf5.o(i.__0vfprintf$5) refers to printf5.o(i._printf_core) for _printf_core
    printf5.o(i.__0vfprintf$5) refers to bsp_usart.o(.text) for fputc
    printf5.o(i.__0vprintf$5) refers to printf5.o(i._printf_core) for _printf_core
    printf5.o(i.__0vprintf$5) refers to bsp_usart.o(.text) for fputc
    printf5.o(i.__0vprintf$5) refers to stdout.o(.data) for __stdout
    printf5.o(i.__0vsnprintf$5) refers to printf5.o(i._printf_core) for _printf_core
    printf5.o(i.__0vsnprintf$5) refers to printf5.o(i._snputc) for _snputc
    printf5.o(i.__0vsprintf$5) refers to printf5.o(i._printf_core) for _printf_core
    printf5.o(i.__0vsprintf$5) refers to printf5.o(i._sputc) for _sputc
    printf5.o(i._printf_core) refers to uldiv.o(.text) for __aeabi_uldivmod
    printf6.o(i.__0fprintf$6) refers to printf6.o(i._printf_core) for _printf_core
    printf6.o(i.__0fprintf$6) refers to bsp_usart.o(.text) for fputc
    printf6.o(i.__0printf$6) refers to printf6.o(i._printf_core) for _printf_core
    printf6.o(i.__0printf$6) refers to bsp_usart.o(.text) for fputc
    printf6.o(i.__0printf$6) refers to stdout.o(.data) for __stdout
    printf6.o(i.__0snprintf$6) refers to printf6.o(i._printf_core) for _printf_core
    printf6.o(i.__0snprintf$6) refers to printf6.o(i._snputc) for _snputc
    printf6.o(i.__0sprintf$6) refers to printf6.o(i._printf_core) for _printf_core
    printf6.o(i.__0sprintf$6) refers to printf6.o(i._sputc) for _sputc
    printf6.o(i.__0vfprintf$6) refers to printf6.o(i._printf_core) for _printf_core
    printf6.o(i.__0vfprintf$6) refers to bsp_usart.o(.text) for fputc
    printf6.o(i.__0vprintf$6) refers to printf6.o(i._printf_core) for _printf_core
    printf6.o(i.__0vprintf$6) refers to bsp_usart.o(.text) for fputc
    printf6.o(i.__0vprintf$6) refers to stdout.o(.data) for __stdout
    printf6.o(i.__0vsnprintf$6) refers to printf6.o(i._printf_core) for _printf_core
    printf6.o(i.__0vsnprintf$6) refers to printf6.o(i._snputc) for _snputc
    printf6.o(i.__0vsprintf$6) refers to printf6.o(i._printf_core) for _printf_core
    printf6.o(i.__0vsprintf$6) refers to printf6.o(i._sputc) for _sputc
    printf6.o(i._printf_core) refers to printf6.o(i._printf_pre_padding) for _printf_pre_padding
    printf6.o(i._printf_core) refers to uidiv.o(.text) for __aeabi_uidivmod
    printf6.o(i._printf_core) refers to printf6.o(i._printf_post_padding) for _printf_post_padding
    printf7.o(i.__0fprintf$7) refers to printf7.o(i._printf_core) for _printf_core
    printf7.o(i.__0fprintf$7) refers to bsp_usart.o(.text) for fputc
    printf7.o(i.__0printf$7) refers to printf7.o(i._printf_core) for _printf_core
    printf7.o(i.__0printf$7) refers to bsp_usart.o(.text) for fputc
    printf7.o(i.__0printf$7) refers to stdout.o(.data) for __stdout
    printf7.o(i.__0snprintf$7) refers to printf7.o(i._printf_core) for _printf_core
    printf7.o(i.__0snprintf$7) refers to printf7.o(i._snputc) for _snputc
    printf7.o(i.__0sprintf$7) refers to printf7.o(i._printf_core) for _printf_core
    printf7.o(i.__0sprintf$7) refers to printf7.o(i._sputc) for _sputc
    printf7.o(i.__0vfprintf$7) refers to printf7.o(i._printf_core) for _printf_core
    printf7.o(i.__0vfprintf$7) refers to bsp_usart.o(.text) for fputc
    printf7.o(i.__0vprintf$7) refers to printf7.o(i._printf_core) for _printf_core
    printf7.o(i.__0vprintf$7) refers to bsp_usart.o(.text) for fputc
    printf7.o(i.__0vprintf$7) refers to stdout.o(.data) for __stdout
    printf7.o(i.__0vsnprintf$7) refers to printf7.o(i._printf_core) for _printf_core
    printf7.o(i.__0vsnprintf$7) refers to printf7.o(i._snputc) for _snputc
    printf7.o(i.__0vsprintf$7) refers to printf7.o(i._printf_core) for _printf_core
    printf7.o(i.__0vsprintf$7) refers to printf7.o(i._sputc) for _sputc
    printf7.o(i._printf_core) refers to printf7.o(i._printf_pre_padding) for _printf_pre_padding
    printf7.o(i._printf_core) refers to uldiv.o(.text) for __aeabi_uldivmod
    printf7.o(i._printf_core) refers to printf7.o(i._printf_post_padding) for _printf_post_padding
    printf8.o(i.__0fprintf$8) refers to printf8.o(i._printf_core) for _printf_core
    printf8.o(i.__0fprintf$8) refers to bsp_usart.o(.text) for fputc
    printf8.o(i.__0printf$8) refers to printf8.o(i._printf_core) for _printf_core
    printf8.o(i.__0printf$8) refers to bsp_usart.o(.text) for fputc
    printf8.o(i.__0printf$8) refers to stdout.o(.data) for __stdout
    printf8.o(i.__0snprintf$8) refers to printf8.o(i._printf_core) for _printf_core
    printf8.o(i.__0snprintf$8) refers to printf8.o(i._snputc) for _snputc
    printf8.o(i.__0sprintf$8) refers to printf8.o(i._printf_core) for _printf_core
    printf8.o(i.__0sprintf$8) refers to printf8.o(i._sputc) for _sputc
    printf8.o(i.__0vfprintf$8) refers to printf8.o(i._printf_core) for _printf_core
    printf8.o(i.__0vfprintf$8) refers to bsp_usart.o(.text) for fputc
    printf8.o(i.__0vprintf$8) refers to printf8.o(i._printf_core) for _printf_core
    printf8.o(i.__0vprintf$8) refers to bsp_usart.o(.text) for fputc
    printf8.o(i.__0vprintf$8) refers to stdout.o(.data) for __stdout
    printf8.o(i.__0vsnprintf$8) refers to printf8.o(i._printf_core) for _printf_core
    printf8.o(i.__0vsnprintf$8) refers to printf8.o(i._snputc) for _snputc
    printf8.o(i.__0vsprintf$8) refers to printf8.o(i._printf_core) for _printf_core
    printf8.o(i.__0vsprintf$8) refers to printf8.o(i._sputc) for _sputc
    printf8.o(i._printf_core) refers to printf8.o(i._printf_pre_padding) for _printf_pre_padding
    printf8.o(i._printf_core) refers to uldiv.o(.text) for __aeabi_uldivmod
    printf8.o(i._printf_core) refers to printf8.o(i._printf_post_padding) for _printf_post_padding
    printfa.o(i.__0fprintf) refers (Special) to iusefp.o(.text) for __I$use$fp
    printfa.o(i.__0fprintf) refers to printfa.o(i._printf_core) for _printf_core
    printfa.o(i.__0fprintf) refers to bsp_usart.o(.text) for fputc
    printfa.o(i.__0printf) refers (Special) to iusefp.o(.text) for __I$use$fp
    printfa.o(i.__0printf) refers to printfa.o(i._printf_core) for _printf_core
    printfa.o(i.__0printf) refers to bsp_usart.o(.text) for fputc
    printfa.o(i.__0printf) refers to stdout.o(.data) for __stdout
    printfa.o(i.__0snprintf) refers (Special) to iusefp.o(.text) for __I$use$fp
    printfa.o(i.__0snprintf) refers to printfa.o(i._printf_core) for _printf_core
    printfa.o(i.__0snprintf) refers to printfa.o(i._snputc) for _snputc
    printfa.o(i.__0sprintf) refers (Special) to iusefp.o(.text) for __I$use$fp
    printfa.o(i.__0sprintf) refers to printfa.o(i._printf_core) for _printf_core
    printfa.o(i.__0sprintf) refers to printfa.o(i._sputc) for _sputc
    printfa.o(i.__0vfprintf) refers (Special) to iusefp.o(.text) for __I$use$fp
    printfa.o(i.__0vfprintf) refers to printfa.o(i._printf_core) for _printf_core
    printfa.o(i.__0vfprintf) refers to bsp_usart.o(.text) for fputc
    printfa.o(i.__0vprintf) refers (Special) to iusefp.o(.text) for __I$use$fp
    printfa.o(i.__0vprintf) refers to printfa.o(i._printf_core) for _printf_core
    printfa.o(i.__0vprintf) refers to bsp_usart.o(.text) for fputc
    printfa.o(i.__0vprintf) refers to stdout.o(.data) for __stdout
    printfa.o(i.__0vsnprintf) refers (Special) to iusefp.o(.text) for __I$use$fp
    printfa.o(i.__0vsnprintf) refers to printfa.o(i._printf_core) for _printf_core
    printfa.o(i.__0vsnprintf) refers to printfa.o(i._snputc) for _snputc
    printfa.o(i.__0vsprintf) refers (Special) to iusefp.o(.text) for __I$use$fp
    printfa.o(i.__0vsprintf) refers to printfa.o(i._printf_core) for _printf_core
    printfa.o(i.__0vsprintf) refers to printfa.o(i._sputc) for _sputc
    printfa.o(i._fp_digits) refers (Special) to iusefp.o(.text) for __I$use$fp
    printfa.o(i._fp_digits) refers to dmul.o(.text) for __aeabi_dmul
    printfa.o(i._fp_digits) refers to ddiv.o(.text) for __aeabi_ddiv
    printfa.o(i._fp_digits) refers to cdrcmple.o(.text) for __aeabi_cdrcmple
    printfa.o(i._fp_digits) refers to dadd.o(.text) for __aeabi_dadd
    printfa.o(i._fp_digits) refers to dfixul.o(.text) for __aeabi_d2ulz
    printfa.o(i._fp_digits) refers to uldiv.o(.text) for __aeabi_uldivmod
    printfa.o(i._printf_core) refers (Special) to iusefp.o(.text) for __I$use$fp
    printfa.o(i._printf_core) refers to printfa.o(i._printf_pre_padding) for _printf_pre_padding
    printfa.o(i._printf_core) refers to uldiv.o(.text) for __aeabi_uldivmod
    printfa.o(i._printf_core) refers to printfa.o(i._printf_post_padding) for _printf_post_padding
    printfa.o(i._printf_core) refers to printfa.o(i._fp_digits) for _fp_digits
    printfa.o(i._printf_core) refers to uidiv.o(.text) for __aeabi_uidivmod
    printfa.o(i._printf_post_padding) refers (Special) to iusefp.o(.text) for __I$use$fp
    printfa.o(i._printf_pre_padding) refers (Special) to iusefp.o(.text) for __I$use$fp
    printfa.o(i._snputc) refers (Special) to iusefp.o(.text) for __I$use$fp
    printfa.o(i._sputc) refers (Special) to iusefp.o(.text) for __I$use$fp
    __0scanf.o(.text) refers to scanf_char_file.o(.text) for __vfscanf_char_file
    __0scanf.o(.text) refers to stdin.o(.data) for __stdin
    _scanf_int.o(.text) refers to _chval.o(.text) for _chval
    entry2.o(.ARM.Collect$$$$00000001) refers to entry2.o(.ARM.Collect$$$$00002712) for __lit__00000000
    entry2.o(.ARM.Collect$$$$00002712) refers to startup_stm32f10x_hd.o(STACK) for __initial_sp
    entry2.o(__vectab_stack_and_reset_area) refers to startup_stm32f10x_hd.o(STACK) for __initial_sp
    entry2.o(__vectab_stack_and_reset_area) refers to entry.o(.ARM.Collect$$$$00000000) for __main
    entry5.o(.ARM.Collect$$$$00000004) refers to init.o(.text) for __scatterload
    entry9a.o(.ARM.Collect$$$$0000000B) refers to main.o(.text) for main
    entry9b.o(.ARM.Collect$$$$0000000C) refers to main.o(.text) for main
    uldiv.o(.text) refers to llushr.o(.text) for __aeabi_llsr
    uldiv.o(.text) refers to llshl.o(.text) for __aeabi_llsl
    scanf_char_file.o(.text) refers to scanf_char.o(.text) for __vfscanf_char
    scanf_char_file.o(.text) refers to bsp_usart.o(.text) for fgetc
    scanf_char_file.o(.text) refers to fgetc_b.o(.text) for __backspace
    dadd.o(.text) refers to llshl.o(.text) for __aeabi_llsl
    dadd.o(.text) refers to llsshr.o(.text) for __aeabi_lasr
    dadd.o(.text) refers to depilogue.o(.text) for _double_epilogue
    dmul.o(.text) refers to depilogue.o(.text) for _double_epilogue
    ddiv.o(.text) refers to depilogue.o(.text) for _double_round
    dfixul.o(.text) refers to llushr.o(.text) for __aeabi_llsr
    dfixul.o(.text) refers to llshl.o(.text) for __aeabi_llsl
    init.o(.text) refers to entry5.o(.ARM.Collect$$$$00000004) for __main_after_scatterload
    fgetc_b.o(.text) refers (Special) to iusesemig.o(.text) for __I$use$semihosting$fgetc
    fgetc_b.o(.text) refers (Special) to semi.o(.text) for __semihosting_library_function
    fgetc_b.o(.text) refers to fgetc_b.o(.data) for .data
    fgetc_b.o(.data) refers (Special) to iusesemig.o(.text) for __I$use$semihosting$fgetc
    fgetc_b.o(.data) refers (Special) to semi.o(.text) for __semihosting_library_function
    scanf_char.o(.text) refers to _scanf.o(.text) for __vfscanf
    scanf_char.o(.text) refers to isspace_c.o(.text) for isspace
    depilogue.o(.text) refers to llshl.o(.text) for __aeabi_llsl
    depilogue.o(.text) refers to llushr.o(.text) for __aeabi_llsr
    isspace_c.o(.text) refers to ctype_c.o(.text) for __ctype_lookup
    _scanf.o(.text) refers (Weak) to _scanf_int.o(.text) for _scanf_int
    ctype_c.o(.text) refers to ctype_c.o(.constdata) for .constdata


==============================================================================

Removing Unused input sections from the image.

    Removing startup_stm32f10x_hd.o(HEAP), (512 bytes).
    Removing core_cm3.o(.emb_text), (32 bytes).
    Removing stm32f10x_adc.o(.text), (904 bytes).
    Removing stm32f10x_can.o(.text), (1980 bytes).
    Removing stm32f10x_cec.o(.text), (252 bytes).
    Removing stm32f10x_crc.o(.text), (64 bytes).
    Removing stm32f10x_dac.o(.text), (284 bytes).
    Removing stm32f10x_dbgmcu.o(.text), (44 bytes).
    Removing stm32f10x_dma.o(.text), (488 bytes).
    Removing stm32f10x_exti.o(.text), (236 bytes).
    Removing stm32f10x_flash.o(.text), (1188 bytes).
    Removing stm32f10x_fsmc.o(.text), (1206 bytes).
    Removing stm32f10x_i2c.o(.text), (912 bytes).
    Removing stm32f10x_iwdg.o(.text), (60 bytes).
    Removing stm32f10x_sdio.o(.text), (432 bytes).
    Removing stm32f10x_spi.o(.text), (692 bytes).
    Removing stm32f10x_wwdg.o(.text), (128 bytes).
    Removing main.o(.data), (28 bytes).
    Removing main.o(.data), (4 bytes).
    Removing digital_led.o(.constdata), (4 bytes).
    Removing bsp_buzzer.o(.text), (2 bytes).
    Removing bsp_key.o(.data), (1 bytes).
    Removing bsp_key.o(.data), (1 bytes).
    Removing bsp_key.o(.data), (1 bytes).
    Removing bsp_key.o(.data), (1 bytes).
    Removing bsp_key.o(.data), (1 bytes).
    Removing bsp_key.o(.data), (1 bytes).
    Removing bsp_rtc.o(.conststring), (65 bytes).
    Removing bsp_rtc.o(.conststring), (80 bytes).
    Removing bsp_rtc.o(.data), (28 bytes).
    Removing bsp_rtc.o(.data), (48 bytes).
    Removing dadd.o(.text), (334 bytes).
    Removing dmul.o(.text), (228 bytes).
    Removing ddiv.o(.text), (222 bytes).
    Removing dfixul.o(.text), (48 bytes).
    Removing cdrcmple.o(.text), (48 bytes).
    Removing depilogue.o(.text), (186 bytes).

37 unused section(s) (total 10745 bytes) removed from the image.

==============================================================================

Image Symbol Table

    Local Symbols

    Symbol Name                              Value     Ov Type        Size  Object(Section)

    ../clib/microlib/ctype/ctype.c           0x00000000   Number         0  ctype_c.o ABSOLUTE
    ../clib/microlib/ctype/ctype.c           0x00000000   Number         0  isspace_c.o ABSOLUTE
    ../clib/microlib/division.c              0x00000000   Number         0  uldiv.o ABSOLUTE
    ../clib/microlib/division.c              0x00000000   Number         0  uidiv.o ABSOLUTE
    ../clib/microlib/init/entry.s            0x00000000   Number         0  entry10b.o ABSOLUTE
    ../clib/microlib/init/entry.s            0x00000000   Number         0  entry9a.o ABSOLUTE
    ../clib/microlib/init/entry.s            0x00000000   Number         0  entry9b.o ABSOLUTE
    ../clib/microlib/init/entry.s            0x00000000   Number         0  entry2.o ABSOLUTE
    ../clib/microlib/init/entry.s            0x00000000   Number         0  entry8a.o ABSOLUTE
    ../clib/microlib/init/entry.s            0x00000000   Number         0  entry11b.o ABSOLUTE
    ../clib/microlib/init/entry.s            0x00000000   Number         0  entry10a.o ABSOLUTE
    ../clib/microlib/init/entry.s            0x00000000   Number         0  entry11a.o ABSOLUTE
    ../clib/microlib/init/entry.s            0x00000000   Number         0  entry5.o ABSOLUTE
    ../clib/microlib/init/entry.s            0x00000000   Number         0  entry8b.o ABSOLUTE
    ../clib/microlib/init/entry.s            0x00000000   Number         0  entry7b.o ABSOLUTE
    ../clib/microlib/init/entry.s            0x00000000   Number         0  entry7a.o ABSOLUTE
    ../clib/microlib/init/entry.s            0x00000000   Number         0  entry12a.o ABSOLUTE
    ../clib/microlib/init/entry.s            0x00000000   Number         0  entry12b.o ABSOLUTE
    ../clib/microlib/init/entry.s            0x00000000   Number         0  entry.o ABSOLUTE
    ../clib/microlib/longlong.c              0x00000000   Number         0  llsshr.o ABSOLUTE
    ../clib/microlib/longlong.c              0x00000000   Number         0  llushr.o ABSOLUTE
    ../clib/microlib/longlong.c              0x00000000   Number         0  llshl.o ABSOLUTE
    ../clib/microlib/printf/printf.c         0x00000000   Number         0  printf6.o ABSOLUTE
    ../clib/microlib/printf/printf.c         0x00000000   Number         0  printf7.o ABSOLUTE
    ../clib/microlib/printf/printf.c         0x00000000   Number         0  printf1.o ABSOLUTE
    ../clib/microlib/printf/printf.c         0x00000000   Number         0  printf8.o ABSOLUTE
    ../clib/microlib/printf/printf.c         0x00000000   Number         0  printfb.o ABSOLUTE
    ../clib/microlib/printf/printf.c         0x00000000   Number         0  printfa.o ABSOLUTE
    ../clib/microlib/printf/printf.c         0x00000000   Number         0  printf2.o ABSOLUTE
    ../clib/microlib/printf/printf.c         0x00000000   Number         0  printf3.o ABSOLUTE
    ../clib/microlib/printf/printf.c         0x00000000   Number         0  printf4.o ABSOLUTE
    ../clib/microlib/printf/printf.c         0x00000000   Number         0  printf0.o ABSOLUTE
    ../clib/microlib/printf/printf.c         0x00000000   Number         0  printf5.o ABSOLUTE
    ../clib/microlib/printf/stubs.s          0x00000000   Number         0  stubs.o ABSOLUTE
    ../clib/microlib/stdio/fgetc.c           0x00000000   Number         0  fgetc_b.o ABSOLUTE
    ../clib/microlib/stdio/semi.s            0x00000000   Number         0  semi.o ABSOLUTE
    ../clib/microlib/stdio/streams.c         0x00000000   Number         0  stdin.o ABSOLUTE
    ../clib/microlib/stdio/streams.c         0x00000000   Number         0  stdout.o ABSOLUTE
    ../clib/microlib/string/memcpy.c         0x00000000   Number         0  memcpyb.o ABSOLUTE
    ../clib/microlib/string/memcpy.c         0x00000000   Number         0  memcpya.o ABSOLUTE
    ../clib/microlib/stubs.s                 0x00000000   Number         0  iusefp.o ABSOLUTE
    ../clib/microlib/stubs.s                 0x00000000   Number         0  iusesemig.o ABSOLUTE
    ../clib/scanf.c                          0x00000000   Number         0  scanf_char_file.o ABSOLUTE
    ../clib/scanf.c                          0x00000000   Number         0  _chval.o ABSOLUTE
    ../clib/scanf.c                          0x00000000   Number         0  _scanf_int.o ABSOLUTE
    ../clib/scanf.c                          0x00000000   Number         0  __0scanf.o ABSOLUTE
    ../clib/scanf.c                          0x00000000   Number         0  scanf_char.o ABSOLUTE
    ../clib/scanf.c                          0x00000000   Number         0  _scanf.o ABSOLUTE
    ../fplib/microlib/fpadd.c                0x00000000   Number         0  dadd.o ABSOLUTE
    ../fplib/microlib/fpdiv.c                0x00000000   Number         0  ddiv.o ABSOLUTE
    ../fplib/microlib/fpepilogue.c           0x00000000   Number         0  depilogue.o ABSOLUTE
    ../fplib/microlib/fpfix.c                0x00000000   Number         0  dfixul.o ABSOLUTE
    ../fplib/microlib/fpmul.c                0x00000000   Number         0  dmul.o ABSOLUTE
    ..\..\Libraries\CMSIS\core_cm3.c         0x00000000   Number         0  core_cm3.o ABSOLUTE
    ..\..\Libraries\CMSIS\startup\startup_stm32f10x_hd.s 0x00000000   Number         0  startup_stm32f10x_hd.o ABSOLUTE
    ..\..\Libraries\CMSIS\system_stm32f10x.c 0x00000000   Number         0  system_stm32f10x.o ABSOLUTE
    ..\..\Libraries\FWlib\src\misc.c         0x00000000   Number         0  misc.o ABSOLUTE
    ..\..\Libraries\FWlib\src\stm32f10x_adc.c 0x00000000   Number         0  stm32f10x_adc.o ABSOLUTE
    ..\..\Libraries\FWlib\src\stm32f10x_bkp.c 0x00000000   Number         0  stm32f10x_bkp.o ABSOLUTE
    ..\..\Libraries\FWlib\src\stm32f10x_can.c 0x00000000   Number         0  stm32f10x_can.o ABSOLUTE
    ..\..\Libraries\FWlib\src\stm32f10x_cec.c 0x00000000   Number         0  stm32f10x_cec.o ABSOLUTE
    ..\..\Libraries\FWlib\src\stm32f10x_crc.c 0x00000000   Number         0  stm32f10x_crc.o ABSOLUTE
    ..\..\Libraries\FWlib\src\stm32f10x_dac.c 0x00000000   Number         0  stm32f10x_dac.o ABSOLUTE
    ..\..\Libraries\FWlib\src\stm32f10x_dbgmcu.c 0x00000000   Number         0  stm32f10x_dbgmcu.o ABSOLUTE
    ..\..\Libraries\FWlib\src\stm32f10x_dma.c 0x00000000   Number         0  stm32f10x_dma.o ABSOLUTE
    ..\..\Libraries\FWlib\src\stm32f10x_exti.c 0x00000000   Number         0  stm32f10x_exti.o ABSOLUTE
    ..\..\Libraries\FWlib\src\stm32f10x_flash.c 0x00000000   Number         0  stm32f10x_flash.o ABSOLUTE
    ..\..\Libraries\FWlib\src\stm32f10x_fsmc.c 0x00000000   Number         0  stm32f10x_fsmc.o ABSOLUTE
    ..\..\Libraries\FWlib\src\stm32f10x_gpio.c 0x00000000   Number         0  stm32f10x_gpio.o ABSOLUTE
    ..\..\Libraries\FWlib\src\stm32f10x_i2c.c 0x00000000   Number         0  stm32f10x_i2c.o ABSOLUTE
    ..\..\Libraries\FWlib\src\stm32f10x_iwdg.c 0x00000000   Number         0  stm32f10x_iwdg.o ABSOLUTE
    ..\..\Libraries\FWlib\src\stm32f10x_pwr.c 0x00000000   Number         0  stm32f10x_pwr.o ABSOLUTE
    ..\..\Libraries\FWlib\src\stm32f10x_rcc.c 0x00000000   Number         0  stm32f10x_rcc.o ABSOLUTE
    ..\..\Libraries\FWlib\src\stm32f10x_rtc.c 0x00000000   Number         0  stm32f10x_rtc.o ABSOLUTE
    ..\..\Libraries\FWlib\src\stm32f10x_sdio.c 0x00000000   Number         0  stm32f10x_sdio.o ABSOLUTE
    ..\..\Libraries\FWlib\src\stm32f10x_spi.c 0x00000000   Number         0  stm32f10x_spi.o ABSOLUTE
    ..\..\Libraries\FWlib\src\stm32f10x_tim.c 0x00000000   Number         0  stm32f10x_tim.o ABSOLUTE
    ..\..\Libraries\FWlib\src\stm32f10x_usart.c 0x00000000   Number         0  stm32f10x_usart.o ABSOLUTE
    ..\..\Libraries\FWlib\src\stm32f10x_wwdg.c 0x00000000   Number         0  stm32f10x_wwdg.o ABSOLUTE
    ..\..\User\Buzzer\bsp_buzzer.c           0x00000000   Number         0  bsp_buzzer.o ABSOLUTE
    ..\..\User\GeneralTim\bsp_GeneralTim.c   0x00000000   Number         0  bsp_generaltim.o ABSOLUTE
    ..\..\User\Key\bsp_key.c                 0x00000000   Number         0  bsp_key.o ABSOLUTE
    ..\..\User\LED\bsp_LED.c                 0x00000000   Number         0  bsp_led.o ABSOLUTE
    ..\..\User\RTC\bsp_RTC.c                 0x00000000   Number         0  bsp_rtc.o ABSOLUTE
    ..\..\User\RTC\bsp_date.c                0x00000000   Number         0  bsp_date.o ABSOLUTE
    ..\..\User\SysTick\bsp_SysTick.c         0x00000000   Number         0  bsp_systick.o ABSOLUTE
    ..\..\User\TimerProcess\TimerProcess.c   0x00000000   Number         0  timerprocess.o ABSOLUTE
    ..\..\User\digital_LED\digital_led.c     0x00000000   Number         0  digital_led.o ABSOLUTE
    ..\..\User\main.c                        0x00000000   Number         0  main.o ABSOLUTE
    ..\..\User\stm32f10x_it.c                0x00000000   Number         0  stm32f10x_it.o ABSOLUTE
    ..\..\User\usart\bsp_usart.c             0x00000000   Number         0  bsp_usart.o ABSOLUTE
    ..\\..\\Libraries\\CMSIS\\core_cm3.c     0x00000000   Number         0  core_cm3.o ABSOLUTE
    cdrcmple.s                               0x00000000   Number         0  cdrcmple.o ABSOLUTE
    dc.s                                     0x00000000   Number         0  dc.o ABSOLUTE
    handlers.s                               0x00000000   Number         0  handlers.o ABSOLUTE
    init.s                                   0x00000000   Number         0  init.o ABSOLUTE
    RESET                                    0x08000000   Section      304  startup_stm32f10x_hd.o(RESET)
    .ARM.Collect$$$$00000000                 0x08000130   Section        0  entry.o(.ARM.Collect$$$$00000000)
    .ARM.Collect$$$$00000001                 0x08000130   Section        4  entry2.o(.ARM.Collect$$$$00000001)
    .ARM.Collect$$$$00000004                 0x08000134   Section        4  entry5.o(.ARM.Collect$$$$00000004)
    .ARM.Collect$$$$00000008                 0x08000138   Section        0  entry7b.o(.ARM.Collect$$$$00000008)
    .ARM.Collect$$$$0000000A                 0x08000138   Section        0  entry8b.o(.ARM.Collect$$$$0000000A)
    .ARM.Collect$$$$0000000B                 0x08000138   Section        8  entry9a.o(.ARM.Collect$$$$0000000B)
    .ARM.Collect$$$$0000000E                 0x08000140   Section        4  entry12b.o(.ARM.Collect$$$$0000000E)
    .ARM.Collect$$$$0000000F                 0x08000144   Section        0  entry10a.o(.ARM.Collect$$$$0000000F)
    .ARM.Collect$$$$00000011                 0x08000144   Section        0  entry11a.o(.ARM.Collect$$$$00000011)
    .ARM.Collect$$$$00002712                 0x08000144   Section        4  entry2.o(.ARM.Collect$$$$00002712)
    __lit__00000000                          0x08000144   Data           4  entry2.o(.ARM.Collect$$$$00002712)
    .text                                    0x08000148   Section       36  startup_stm32f10x_hd.o(.text)
    .text                                    0x0800016c   Section        0  system_stm32f10x.o(.text)
    SetSysClockTo72                          0x0800016d   Thumb Code   166  system_stm32f10x.o(.text)
    SetSysClock                              0x08000213   Thumb Code     2  system_stm32f10x.o(.text)
    .text                                    0x080002e0   Section        0  misc.o(.text)
    .text                                    0x08000398   Section        0  stm32f10x_bkp.o(.text)
    .text                                    0x08000434   Section        0  stm32f10x_gpio.o(.text)
    .text                                    0x080006cc   Section        0  stm32f10x_pwr.o(.text)
    .text                                    0x08000778   Section        0  stm32f10x_rcc.o(.text)
    .text                                    0x08000a6c   Section        0  stm32f10x_rtc.o(.text)
    .text                                    0x08000b80   Section        0  stm32f10x_tim.o(.text)
    TI4_Config                               0x08000fe9   Thumb Code   102  stm32f10x_tim.o(.text)
    TI3_Config                               0x0800105f   Thumb Code    98  stm32f10x_tim.o(.text)
    TI2_Config                               0x080010d9   Thumb Code   102  stm32f10x_tim.o(.text)
    TI1_Config                               0x0800114f   Thumb Code    94  stm32f10x_tim.o(.text)
    .text                                    0x080017ac   Section        0  stm32f10x_usart.o(.text)
    .text                                    0x08001b48   Section        0  main.o(.text)
    .text                                    0x08001bbc   Section        0  stm32f10x_it.o(.text)
    .text                                    0x08001c2c   Section        0  bsp_usart.o(.text)
    .text                                    0x08001d90   Section        0  digital_led.o(.text)
    .text                                    0x08002098   Section        0  bsp_generaltim.o(.text)
    GENERAL_TIM_GPIO_Config                  0x08002099   Thumb Code    40  bsp_generaltim.o(.text)
    .text                                    0x08002140   Section        0  bsp_systick.o(.text)
    SysTick_Config                           0x08002141   Thumb Code    40  bsp_systick.o(.text)
    .text                                    0x080021f0   Section        0  bsp_key.o(.text)
    .text                                    0x080023a0   Section        0  bsp_led.o(.text)
    .text                                    0x080023fc   Section        0  timerprocess.o(.text)
    .text                                    0x08002420   Section        0  bsp_rtc.o(.text)
    .text                                    0x080028b0   Section        0  bsp_date.o(.text)
    .text                                    0x08002a44   Section        0  memcpya.o(.text)
    .text                                    0x08002a68   Section        0  __0scanf.o(.text)
    .text                                    0x08002a88   Section        0  _scanf_int.o(.text)
    .text                                    0x08002bd4   Section        0  uidiv.o(.text)
    .text                                    0x08002c00   Section        0  _chval.o(.text)
    .text                                    0x08002c1c   Section        0  scanf_char_file.o(.text)
    .text                                    0x08002c30   Section       36  init.o(.text)
    .text                                    0x08002c54   Section        0  fgetc_b.o(.text)
    .text                                    0x08002c80   Section        0  scanf_char.o(.text)
    _scanf_char_input                        0x08002c81   Thumb Code    12  scanf_char.o(.text)
    .text                                    0x08002ca8   Section        0  isspace_c.o(.text)
    .text                                    0x08002ca8   Section        0  semi.o(.text)
    .text                                    0x08002cb4   Section        0  _scanf.o(.text)
    .text                                    0x08002fe4   Section        0  ctype_c.o(.text)
    .text                                    0x08002fe4   Section        0  iusesemig.o(.text)
    i.__0printf$3                            0x0800300c   Section        0  printf3.o(i.__0printf$3)
    i.__scatterload_copy                     0x0800302c   Section       14  handlers.o(i.__scatterload_copy)
    i.__scatterload_null                     0x0800303a   Section        2  handlers.o(i.__scatterload_null)
    i.__scatterload_zeroinit                 0x0800303c   Section       14  handlers.o(i.__scatterload_zeroinit)
    i._printf_core                           0x0800304c   Section        0  printf3.o(i._printf_core)
    _printf_core                             0x0800304d   Thumb Code   436  printf3.o(i._printf_core)
    .constdata                               0x08003204   Section       38  digital_led.o(.constdata)
    .constdata                               0x0800322c   Section       48  bsp_date.o(.constdata)
    .constdata                               0x0800325c   Section       64  ctype_c.o(.constdata)
    .conststring                             0x0800329c   Section      567  bsp_rtc.o(.conststring)
    .data                                    0x20000000   Section       20  system_stm32f10x.o(.data)
    .data                                    0x20000014   Section       20  stm32f10x_rcc.o(.data)
    ADCPrescTable                            0x20000014   Data           4  stm32f10x_rcc.o(.data)
    APBAHBPrescTable                         0x20000018   Data          16  stm32f10x_rcc.o(.data)
    .data                                    0x20000028   Section       36  main.o(.data)
    .data                                    0x2000004c   Section        2  main.o(.data)
    .data                                    0x20000050   Section       40  bsp_key.o(.data)
    .data                                    0x20000078   Section        1  timerprocess.o(.data)
    .data                                    0x2000007c   Section       80  bsp_rtc.o(.data)
    .data                                    0x200000cc   Section        4  bsp_rtc.o(.data)
    .data                                    0x200000d0   Section       48  bsp_date.o(.data)
    month_days                               0x200000d0   Data          48  bsp_date.o(.data)
    .data                                    0x20000100   Section        4  stdin.o(.data)
    .data                                    0x20000104   Section        4  stdout.o(.data)
    .data                                    0x20000108   Section        3  fgetc_b.o(.data)
    ungetc_sp                                0x20000108   Data           1  fgetc_b.o(.data)
    ungetc_stack                             0x20000109   Data           2  fgetc_b.o(.data)
    .bss                                     0x2000010c   Section        9  main.o(.bss)
    STACK                                    0x20000118   Section     1024  startup_stm32f10x_hd.o(STACK)

    Global Symbols

    Symbol Name                              Value     Ov Type        Size  Object(Section)

    BuildAttributes$$THM_ISAv4$P$D$K$B$S$PE$A:L22UL41UL21$X:L11$S22US41US21$IEEE1$IW$USESV6$~STKCKD$USESV7$~SHL$OSPACE$ROPI$EBA8$MICROLIB$REQ8$PRES8$EABIv2 0x00000000   Number         0  anon$$obj.o ABSOLUTE
    __ARM_use_no_argv                        0x00000000   Number         0  main.o ABSOLUTE
    _printf_a                                0x00000000   Number         0  stubs.o ABSOLUTE
    _printf_c                                0x00000000   Number         0  stubs.o ABSOLUTE
    _printf_charcount                        0x00000000   Number         0  stubs.o ABSOLUTE
    _printf_d                                0x00000000   Number         0  stubs.o ABSOLUTE
    _printf_e                                0x00000000   Number         0  stubs.o ABSOLUTE
    _printf_f                                0x00000000   Number         0  stubs.o ABSOLUTE
    _printf_flags                            0x00000000   Number         0  stubs.o ABSOLUTE
    _printf_fp_dec                           0x00000000   Number         0  stubs.o ABSOLUTE
    _printf_fp_hex                           0x00000000   Number         0  stubs.o ABSOLUTE
    _printf_g                                0x00000000   Number         0  stubs.o ABSOLUTE
    _printf_i                                0x00000000   Number         0  stubs.o ABSOLUTE
    _printf_int_dec                          0x00000000   Number         0  stubs.o ABSOLUTE
    _printf_l                                0x00000000   Number         0  stubs.o ABSOLUTE
    _printf_lc                               0x00000000   Number         0  stubs.o ABSOLUTE
    _printf_ll                               0x00000000   Number         0  stubs.o ABSOLUTE
    _printf_lld                              0x00000000   Number         0  stubs.o ABSOLUTE
    _printf_lli                              0x00000000   Number         0  stubs.o ABSOLUTE
    _printf_llo                              0x00000000   Number         0  stubs.o ABSOLUTE
    _printf_llu                              0x00000000   Number         0  stubs.o ABSOLUTE
    _printf_llx                              0x00000000   Number         0  stubs.o ABSOLUTE
    _printf_longlong_dec                     0x00000000   Number         0  stubs.o ABSOLUTE
    _printf_longlong_hex                     0x00000000   Number         0  stubs.o ABSOLUTE
    _printf_longlong_oct                     0x00000000   Number         0  stubs.o ABSOLUTE
    _printf_ls                               0x00000000   Number         0  stubs.o ABSOLUTE
    _printf_mbtowc                           0x00000000   Number         0  stubs.o ABSOLUTE
    _printf_n                                0x00000000   Number         0  stubs.o ABSOLUTE
    _printf_o                                0x00000000   Number         0  stubs.o ABSOLUTE
    _printf_p                                0x00000000   Number         0  stubs.o ABSOLUTE
    _printf_percent                          0x00000000   Number         0  stubs.o ABSOLUTE
    _printf_pre_padding                      0x00000000   Number         0  stubs.o ABSOLUTE
    _printf_return_value                     0x00000000   Number         0  stubs.o ABSOLUTE
    _printf_s                                0x00000000   Number         0  stubs.o ABSOLUTE
    _printf_sizespec                         0x00000000   Number         0  stubs.o ABSOLUTE
    _printf_str                              0x00000000   Number         0  stubs.o ABSOLUTE
    _printf_truncate_signed                  0x00000000   Number         0  stubs.o ABSOLUTE
    _printf_truncate_unsigned                0x00000000   Number         0  stubs.o ABSOLUTE
    _printf_u                                0x00000000   Number         0  stubs.o ABSOLUTE
    _printf_wc                               0x00000000   Number         0  stubs.o ABSOLUTE
    _printf_wctomb                           0x00000000   Number         0  stubs.o ABSOLUTE
    _printf_widthprec                        0x00000000   Number         0  stubs.o ABSOLUTE
    _printf_x                                0x00000000   Number         0  stubs.o ABSOLUTE
    __arm_fini_                               - Undefined Weak Reference
    __cpp_initialize__aeabi_                  - Undefined Weak Reference
    __cxa_finalize                            - Undefined Weak Reference
    __decompress                              - Undefined Weak Reference
    _clock_init                               - Undefined Weak Reference
    _microlib_exit                            - Undefined Weak Reference
    _scanf_longlong                           - Undefined Weak Reference
    _scanf_real                               - Undefined Weak Reference
    _scanf_string                             - Undefined Weak Reference
    __Vectors_Size                           0x00000130   Number         0  startup_stm32f10x_hd.o ABSOLUTE
    __Vectors                                0x08000000   Data           4  startup_stm32f10x_hd.o(RESET)
    __Vectors_End                            0x08000130   Data           0  startup_stm32f10x_hd.o(RESET)
    __main                                   0x08000131   Thumb Code     0  entry.o(.ARM.Collect$$$$00000000)
    _main_stk                                0x08000131   Thumb Code     0  entry2.o(.ARM.Collect$$$$00000001)
    _main_scatterload                        0x08000135   Thumb Code     0  entry5.o(.ARM.Collect$$$$00000004)
    __main_after_scatterload                 0x08000139   Thumb Code     0  entry5.o(.ARM.Collect$$$$00000004)
    _main_clock                              0x08000139   Thumb Code     0  entry7b.o(.ARM.Collect$$$$00000008)
    _main_cpp_init                           0x08000139   Thumb Code     0  entry8b.o(.ARM.Collect$$$$0000000A)
    _main_init                               0x08000139   Thumb Code     0  entry9a.o(.ARM.Collect$$$$0000000B)
    __rt_lib_shutdown_fini                   0x08000141   Thumb Code     0  entry12b.o(.ARM.Collect$$$$0000000E)
    __rt_final_cpp                           0x08000145   Thumb Code     0  entry10a.o(.ARM.Collect$$$$0000000F)
    __rt_final_exit                          0x08000145   Thumb Code     0  entry11a.o(.ARM.Collect$$$$00000011)
    Reset_Handler                            0x08000149   Thumb Code     8  startup_stm32f10x_hd.o(.text)
    ADC1_2_IRQHandler                        0x08000163   Thumb Code     0  startup_stm32f10x_hd.o(.text)
    ADC3_IRQHandler                          0x08000163   Thumb Code     0  startup_stm32f10x_hd.o(.text)
    CAN1_RX1_IRQHandler                      0x08000163   Thumb Code     0  startup_stm32f10x_hd.o(.text)
    CAN1_SCE_IRQHandler                      0x08000163   Thumb Code     0  startup_stm32f10x_hd.o(.text)
    DMA1_Channel1_IRQHandler                 0x08000163   Thumb Code     0  startup_stm32f10x_hd.o(.text)
    DMA1_Channel2_IRQHandler                 0x08000163   Thumb Code     0  startup_stm32f10x_hd.o(.text)
    DMA1_Channel3_IRQHandler                 0x08000163   Thumb Code     0  startup_stm32f10x_hd.o(.text)
    DMA1_Channel4_IRQHandler                 0x08000163   Thumb Code     0  startup_stm32f10x_hd.o(.text)
    DMA1_Channel5_IRQHandler                 0x08000163   Thumb Code     0  startup_stm32f10x_hd.o(.text)
    DMA1_Channel6_IRQHandler                 0x08000163   Thumb Code     0  startup_stm32f10x_hd.o(.text)
    DMA1_Channel7_IRQHandler                 0x08000163   Thumb Code     0  startup_stm32f10x_hd.o(.text)
    DMA2_Channel1_IRQHandler                 0x08000163   Thumb Code     0  startup_stm32f10x_hd.o(.text)
    DMA2_Channel2_IRQHandler                 0x08000163   Thumb Code     0  startup_stm32f10x_hd.o(.text)
    DMA2_Channel3_IRQHandler                 0x08000163   Thumb Code     0  startup_stm32f10x_hd.o(.text)
    DMA2_Channel4_5_IRQHandler               0x08000163   Thumb Code     0  startup_stm32f10x_hd.o(.text)
    EXTI0_IRQHandler                         0x08000163   Thumb Code     0  startup_stm32f10x_hd.o(.text)
    EXTI15_10_IRQHandler                     0x08000163   Thumb Code     0  startup_stm32f10x_hd.o(.text)
    EXTI1_IRQHandler                         0x08000163   Thumb Code     0  startup_stm32f10x_hd.o(.text)
    EXTI2_IRQHandler                         0x08000163   Thumb Code     0  startup_stm32f10x_hd.o(.text)
    EXTI3_IRQHandler                         0x08000163   Thumb Code     0  startup_stm32f10x_hd.o(.text)
    EXTI4_IRQHandler                         0x08000163   Thumb Code     0  startup_stm32f10x_hd.o(.text)
    EXTI9_5_IRQHandler                       0x08000163   Thumb Code     0  startup_stm32f10x_hd.o(.text)
    FLASH_IRQHandler                         0x08000163   Thumb Code     0  startup_stm32f10x_hd.o(.text)
    FSMC_IRQHandler                          0x08000163   Thumb Code     0  startup_stm32f10x_hd.o(.text)
    I2C1_ER_IRQHandler                       0x08000163   Thumb Code     0  startup_stm32f10x_hd.o(.text)
    I2C1_EV_IRQHandler                       0x08000163   Thumb Code     0  startup_stm32f10x_hd.o(.text)
    I2C2_ER_IRQHandler                       0x08000163   Thumb Code     0  startup_stm32f10x_hd.o(.text)
    I2C2_EV_IRQHandler                       0x08000163   Thumb Code     0  startup_stm32f10x_hd.o(.text)
    PVD_IRQHandler                           0x08000163   Thumb Code     0  startup_stm32f10x_hd.o(.text)
    RCC_IRQHandler                           0x08000163   Thumb Code     0  startup_stm32f10x_hd.o(.text)
    RTCAlarm_IRQHandler                      0x08000163   Thumb Code     0  startup_stm32f10x_hd.o(.text)
    SDIO_IRQHandler                          0x08000163   Thumb Code     0  startup_stm32f10x_hd.o(.text)
    SPI1_IRQHandler                          0x08000163   Thumb Code     0  startup_stm32f10x_hd.o(.text)
    SPI2_IRQHandler                          0x08000163   Thumb Code     0  startup_stm32f10x_hd.o(.text)
    SPI3_IRQHandler                          0x08000163   Thumb Code     0  startup_stm32f10x_hd.o(.text)
    TAMPER_IRQHandler                        0x08000163   Thumb Code     0  startup_stm32f10x_hd.o(.text)
    TIM1_BRK_IRQHandler                      0x08000163   Thumb Code     0  startup_stm32f10x_hd.o(.text)
    TIM1_CC_IRQHandler                       0x08000163   Thumb Code     0  startup_stm32f10x_hd.o(.text)
    TIM1_TRG_COM_IRQHandler                  0x08000163   Thumb Code     0  startup_stm32f10x_hd.o(.text)
    TIM1_UP_IRQHandler                       0x08000163   Thumb Code     0  startup_stm32f10x_hd.o(.text)
    TIM2_IRQHandler                          0x08000163   Thumb Code     0  startup_stm32f10x_hd.o(.text)
    TIM3_IRQHandler                          0x08000163   Thumb Code     0  startup_stm32f10x_hd.o(.text)
    TIM4_IRQHandler                          0x08000163   Thumb Code     0  startup_stm32f10x_hd.o(.text)
    TIM5_IRQHandler                          0x08000163   Thumb Code     0  startup_stm32f10x_hd.o(.text)
    TIM6_IRQHandler                          0x08000163   Thumb Code     0  startup_stm32f10x_hd.o(.text)
    TIM7_IRQHandler                          0x08000163   Thumb Code     0  startup_stm32f10x_hd.o(.text)
    TIM8_BRK_IRQHandler                      0x08000163   Thumb Code     0  startup_stm32f10x_hd.o(.text)
    TIM8_CC_IRQHandler                       0x08000163   Thumb Code     0  startup_stm32f10x_hd.o(.text)
    TIM8_TRG_COM_IRQHandler                  0x08000163   Thumb Code     0  startup_stm32f10x_hd.o(.text)
    TIM8_UP_IRQHandler                       0x08000163   Thumb Code     0  startup_stm32f10x_hd.o(.text)
    UART4_IRQHandler                         0x08000163   Thumb Code     0  startup_stm32f10x_hd.o(.text)
    UART5_IRQHandler                         0x08000163   Thumb Code     0  startup_stm32f10x_hd.o(.text)
    USART1_IRQHandler                        0x08000163   Thumb Code     0  startup_stm32f10x_hd.o(.text)
    USART2_IRQHandler                        0x08000163   Thumb Code     0  startup_stm32f10x_hd.o(.text)
    USART3_IRQHandler                        0x08000163   Thumb Code     0  startup_stm32f10x_hd.o(.text)
    USBWakeUp_IRQHandler                     0x08000163   Thumb Code     0  startup_stm32f10x_hd.o(.text)
    USB_HP_CAN1_TX_IRQHandler                0x08000163   Thumb Code     0  startup_stm32f10x_hd.o(.text)
    USB_LP_CAN1_RX0_IRQHandler               0x08000163   Thumb Code     0  startup_stm32f10x_hd.o(.text)
    WWDG_IRQHandler                          0x08000163   Thumb Code     0  startup_stm32f10x_hd.o(.text)
    SystemInit                               0x08000215   Thumb Code    64  system_stm32f10x.o(.text)
    SystemCoreClockUpdate                    0x08000255   Thumb Code   106  system_stm32f10x.o(.text)
    NVIC_PriorityGroupConfig                 0x080002e1   Thumb Code    10  misc.o(.text)
    NVIC_Init                                0x080002eb   Thumb Code    96  misc.o(.text)
    NVIC_SetVectorTable                      0x0800034b   Thumb Code    14  misc.o(.text)
    NVIC_SystemLPConfig                      0x08000359   Thumb Code    24  misc.o(.text)
    SysTick_CLKSourceConfig                  0x08000371   Thumb Code    28  misc.o(.text)
    BKP_DeInit                               0x08000399   Thumb Code    18  stm32f10x_bkp.o(.text)
    BKP_TamperPinLevelConfig                 0x080003ab   Thumb Code     6  stm32f10x_bkp.o(.text)
    BKP_TamperPinCmd                         0x080003b1   Thumb Code     8  stm32f10x_bkp.o(.text)
    BKP_ITConfig                             0x080003b9   Thumb Code     8  stm32f10x_bkp.o(.text)
    BKP_RTCOutputConfig                      0x080003c1   Thumb Code    14  stm32f10x_bkp.o(.text)
    BKP_SetRTCCalibrationValue               0x080003cf   Thumb Code    14  stm32f10x_bkp.o(.text)
    BKP_WriteBackupRegister                  0x080003dd   Thumb Code    16  stm32f10x_bkp.o(.text)
    BKP_ReadBackupRegister                   0x080003ed   Thumb Code    16  stm32f10x_bkp.o(.text)
    BKP_GetFlagStatus                        0x080003fd   Thumb Code    10  stm32f10x_bkp.o(.text)
    BKP_ClearFlag                            0x08000407   Thumb Code    14  stm32f10x_bkp.o(.text)
    BKP_GetITStatus                          0x08000415   Thumb Code    10  stm32f10x_bkp.o(.text)
    BKP_ClearITPendingBit                    0x0800041f   Thumb Code    14  stm32f10x_bkp.o(.text)
    GPIO_DeInit                              0x08000435   Thumb Code   188  stm32f10x_gpio.o(.text)
    GPIO_AFIODeInit                          0x080004f1   Thumb Code    22  stm32f10x_gpio.o(.text)
    GPIO_Init                                0x08000507   Thumb Code   166  stm32f10x_gpio.o(.text)
    GPIO_StructInit                          0x080005ad   Thumb Code    16  stm32f10x_gpio.o(.text)
    GPIO_ReadInputDataBit                    0x080005bd   Thumb Code    14  stm32f10x_gpio.o(.text)
    GPIO_ReadInputData                       0x080005cb   Thumb Code     6  stm32f10x_gpio.o(.text)
    GPIO_ReadOutputDataBit                   0x080005d1   Thumb Code    14  stm32f10x_gpio.o(.text)
    GPIO_ReadOutputData                      0x080005df   Thumb Code     6  stm32f10x_gpio.o(.text)
    GPIO_SetBits                             0x080005e5   Thumb Code     4  stm32f10x_gpio.o(.text)
    GPIO_ResetBits                           0x080005e9   Thumb Code     4  stm32f10x_gpio.o(.text)
    GPIO_WriteBit                            0x080005ed   Thumb Code    12  stm32f10x_gpio.o(.text)
    GPIO_Write                               0x080005f9   Thumb Code     4  stm32f10x_gpio.o(.text)
    GPIO_PinLockConfig                       0x080005fd   Thumb Code    16  stm32f10x_gpio.o(.text)
    GPIO_EventOutputConfig                   0x0800060d   Thumb Code    22  stm32f10x_gpio.o(.text)
    GPIO_EventOutputCmd                      0x08000623   Thumb Code     6  stm32f10x_gpio.o(.text)
    GPIO_PinRemapConfig                      0x08000629   Thumb Code    86  stm32f10x_gpio.o(.text)
    GPIO_EXTILineConfig                      0x0800067f   Thumb Code    34  stm32f10x_gpio.o(.text)
    GPIO_ETH_MediaInterfaceConfig            0x080006a1   Thumb Code     8  stm32f10x_gpio.o(.text)
    PWR_DeInit                               0x080006cd   Thumb Code    24  stm32f10x_pwr.o(.text)
    PWR_BackupAccessCmd                      0x080006e5   Thumb Code     6  stm32f10x_pwr.o(.text)
    PWR_PVDCmd                               0x080006eb   Thumb Code     6  stm32f10x_pwr.o(.text)
    PWR_PVDLevelConfig                       0x080006f1   Thumb Code    14  stm32f10x_pwr.o(.text)
    PWR_WakeUpPinCmd                         0x080006ff   Thumb Code     8  stm32f10x_pwr.o(.text)
    PWR_EnterSTOPMode                        0x08000707   Thumb Code    42  stm32f10x_pwr.o(.text)
    PWR_EnterSTANDBYMode                     0x08000731   Thumb Code    32  stm32f10x_pwr.o(.text)
    PWR_GetFlagStatus                        0x08000751   Thumb Code    16  stm32f10x_pwr.o(.text)
    PWR_ClearFlag                            0x08000761   Thumb Code    12  stm32f10x_pwr.o(.text)
    RCC_DeInit                               0x08000779   Thumb Code    50  stm32f10x_rcc.o(.text)
    RCC_HSEConfig                            0x080007ab   Thumb Code    50  stm32f10x_rcc.o(.text)
    RCC_GetFlagStatus                        0x080007dd   Thumb Code    42  stm32f10x_rcc.o(.text)
    RCC_WaitForHSEStartUp                    0x08000807   Thumb Code    48  stm32f10x_rcc.o(.text)
    RCC_AdjustHSICalibrationValue            0x08000837   Thumb Code    16  stm32f10x_rcc.o(.text)
    RCC_HSICmd                               0x08000847   Thumb Code     6  stm32f10x_rcc.o(.text)
    RCC_PLLConfig                            0x0800084d   Thumb Code    16  stm32f10x_rcc.o(.text)
    RCC_PLLCmd                               0x0800085d   Thumb Code     6  stm32f10x_rcc.o(.text)
    RCC_SYSCLKConfig                         0x08000863   Thumb Code    14  stm32f10x_rcc.o(.text)
    RCC_GetSYSCLKSource                      0x08000871   Thumb Code    10  stm32f10x_rcc.o(.text)
    RCC_HCLKConfig                           0x0800087b   Thumb Code    14  stm32f10x_rcc.o(.text)
    RCC_PCLK1Config                          0x08000889   Thumb Code    14  stm32f10x_rcc.o(.text)
    RCC_PCLK2Config                          0x08000897   Thumb Code    16  stm32f10x_rcc.o(.text)
    RCC_ITConfig                             0x080008a7   Thumb Code    22  stm32f10x_rcc.o(.text)
    RCC_USBCLKConfig                         0x080008bd   Thumb Code     8  stm32f10x_rcc.o(.text)
    RCC_ADCCLKConfig                         0x080008c5   Thumb Code    14  stm32f10x_rcc.o(.text)
    RCC_LSEConfig                            0x080008d3   Thumb Code    36  stm32f10x_rcc.o(.text)
    RCC_LSICmd                               0x080008f7   Thumb Code     6  stm32f10x_rcc.o(.text)
    RCC_RTCCLKConfig                         0x080008fd   Thumb Code    10  stm32f10x_rcc.o(.text)
    RCC_RTCCLKCmd                            0x08000907   Thumb Code     8  stm32f10x_rcc.o(.text)
    RCC_GetClocksFreq                        0x0800090f   Thumb Code   154  stm32f10x_rcc.o(.text)
    RCC_AHBPeriphClockCmd                    0x080009a9   Thumb Code    22  stm32f10x_rcc.o(.text)
    RCC_APB2PeriphClockCmd                   0x080009bf   Thumb Code    22  stm32f10x_rcc.o(.text)
    RCC_APB1PeriphClockCmd                   0x080009d5   Thumb Code    22  stm32f10x_rcc.o(.text)
    RCC_APB2PeriphResetCmd                   0x080009eb   Thumb Code    22  stm32f10x_rcc.o(.text)
    RCC_APB1PeriphResetCmd                   0x08000a01   Thumb Code    22  stm32f10x_rcc.o(.text)
    RCC_BackupResetCmd                       0x08000a17   Thumb Code     8  stm32f10x_rcc.o(.text)
    RCC_ClockSecuritySystemCmd               0x08000a1f   Thumb Code     6  stm32f10x_rcc.o(.text)
    RCC_MCOConfig                            0x08000a25   Thumb Code     6  stm32f10x_rcc.o(.text)
    RCC_ClearFlag                            0x08000a2b   Thumb Code    12  stm32f10x_rcc.o(.text)
    RCC_GetITStatus                          0x08000a37   Thumb Code    16  stm32f10x_rcc.o(.text)
    RCC_ClearITPendingBit                    0x08000a47   Thumb Code     6  stm32f10x_rcc.o(.text)
    RTC_ITConfig                             0x08000a6d   Thumb Code    22  stm32f10x_rtc.o(.text)
    RTC_EnterConfigMode                      0x08000a83   Thumb Code    14  stm32f10x_rtc.o(.text)
    RTC_ExitConfigMode                       0x08000a91   Thumb Code    14  stm32f10x_rtc.o(.text)
    RTC_GetCounter                           0x08000a9f   Thumb Code    18  stm32f10x_rtc.o(.text)
    RTC_SetCounter                           0x08000ab1   Thumb Code    26  stm32f10x_rtc.o(.text)
    RTC_SetPrescaler                         0x08000acb   Thumb Code    28  stm32f10x_rtc.o(.text)
    RTC_SetAlarm                             0x08000ae7   Thumb Code    26  stm32f10x_rtc.o(.text)
    RTC_GetDivider                           0x08000b01   Thumb Code    20  stm32f10x_rtc.o(.text)
    RTC_WaitForLastTask                      0x08000b15   Thumb Code    12  stm32f10x_rtc.o(.text)
    RTC_WaitForSynchro                       0x08000b21   Thumb Code    20  stm32f10x_rtc.o(.text)
    RTC_GetFlagStatus                        0x08000b35   Thumb Code    18  stm32f10x_rtc.o(.text)
    RTC_ClearFlag                            0x08000b47   Thumb Code    12  stm32f10x_rtc.o(.text)
    RTC_GetITStatus                          0x08000b53   Thumb Code    28  stm32f10x_rtc.o(.text)
    RTC_ClearITPendingBit                    0x08000b6f   Thumb Code    12  stm32f10x_rtc.o(.text)
    TIM_DeInit                               0x08000b81   Thumb Code   464  stm32f10x_tim.o(.text)
    TIM_TimeBaseInit                         0x08000d51   Thumb Code   114  stm32f10x_tim.o(.text)
    TIM_OC1Init                              0x08000dc3   Thumb Code   114  stm32f10x_tim.o(.text)
    TIM_OC2Init                              0x08000e35   Thumb Code   128  stm32f10x_tim.o(.text)
    TIM_OC3Init                              0x08000eb5   Thumb Code   124  stm32f10x_tim.o(.text)
    TIM_OC4Init                              0x08000f31   Thumb Code   160  stm32f10x_tim.o(.text)
    TIM_SetIC4Prescaler                      0x08000fd1   Thumb Code    24  stm32f10x_tim.o(.text)
    TIM_SetIC3Prescaler                      0x0800104f   Thumb Code    16  stm32f10x_tim.o(.text)
    TIM_SetIC2Prescaler                      0x080010c1   Thumb Code    24  stm32f10x_tim.o(.text)
    TIM_SetIC1Prescaler                      0x0800113f   Thumb Code    16  stm32f10x_tim.o(.text)
    TIM_ICInit                               0x080011ad   Thumb Code   114  stm32f10x_tim.o(.text)
    TIM_PWMIConfig                           0x0800121f   Thumb Code   106  stm32f10x_tim.o(.text)
    TIM_BDTRConfig                           0x08001289   Thumb Code    34  stm32f10x_tim.o(.text)
    TIM_TimeBaseStructInit                   0x080012ab   Thumb Code    18  stm32f10x_tim.o(.text)
    TIM_OCStructInit                         0x080012bd   Thumb Code    20  stm32f10x_tim.o(.text)
    TIM_ICStructInit                         0x080012d1   Thumb Code    16  stm32f10x_tim.o(.text)
    TIM_BDTRStructInit                       0x080012e1   Thumb Code    18  stm32f10x_tim.o(.text)
    TIM_Cmd                                  0x080012f3   Thumb Code    24  stm32f10x_tim.o(.text)
    TIM_CtrlPWMOutputs                       0x0800130b   Thumb Code    28  stm32f10x_tim.o(.text)
    TIM_ITConfig                             0x08001327   Thumb Code    20  stm32f10x_tim.o(.text)
    TIM_GenerateEvent                        0x0800133b   Thumb Code     4  stm32f10x_tim.o(.text)
    TIM_DMAConfig                            0x0800133f   Thumb Code     8  stm32f10x_tim.o(.text)
    TIM_DMACmd                               0x08001347   Thumb Code    20  stm32f10x_tim.o(.text)
    TIM_InternalClockConfig                  0x0800135b   Thumb Code    10  stm32f10x_tim.o(.text)
    TIM_SelectInputTrigger                   0x08001365   Thumb Code    12  stm32f10x_tim.o(.text)
    TIM_ITRxExternalClockConfig              0x08001371   Thumb Code    20  stm32f10x_tim.o(.text)
    TIM_TIxExternalClockConfig               0x08001385   Thumb Code    48  stm32f10x_tim.o(.text)
    TIM_ETRConfig                            0x080013b5   Thumb Code    24  stm32f10x_tim.o(.text)
    TIM_ETRClockMode1Config                  0x080013cd   Thumb Code    52  stm32f10x_tim.o(.text)
    TIM_ETRClockMode2Config                  0x08001401   Thumb Code    20  stm32f10x_tim.o(.text)
    TIM_PrescalerConfig                      0x08001415   Thumb Code     6  stm32f10x_tim.o(.text)
    TIM_CounterModeConfig                    0x0800141b   Thumb Code    12  stm32f10x_tim.o(.text)
    TIM_EncoderInterfaceConfig               0x08001427   Thumb Code    50  stm32f10x_tim.o(.text)
    TIM_ForcedOC1Config                      0x08001459   Thumb Code    12  stm32f10x_tim.o(.text)
    TIM_ForcedOC2Config                      0x08001465   Thumb Code    20  stm32f10x_tim.o(.text)
    TIM_ForcedOC3Config                      0x08001479   Thumb Code    12  stm32f10x_tim.o(.text)
    TIM_ForcedOC4Config                      0x08001485   Thumb Code    20  stm32f10x_tim.o(.text)
    TIM_ARRPreloadConfig                     0x08001499   Thumb Code    24  stm32f10x_tim.o(.text)
    TIM_SelectCOM                            0x080014b1   Thumb Code    24  stm32f10x_tim.o(.text)
    TIM_SelectCCDMA                          0x080014c9   Thumb Code    24  stm32f10x_tim.o(.text)
    TIM_CCPreloadControl                     0x080014e1   Thumb Code    24  stm32f10x_tim.o(.text)
    TIM_OC1PreloadConfig                     0x080014f9   Thumb Code    12  stm32f10x_tim.o(.text)
    TIM_OC2PreloadConfig                     0x08001505   Thumb Code    20  stm32f10x_tim.o(.text)
    TIM_OC3PreloadConfig                     0x08001519   Thumb Code    12  stm32f10x_tim.o(.text)
    TIM_OC4PreloadConfig                     0x08001525   Thumb Code    20  stm32f10x_tim.o(.text)
    TIM_OC1FastConfig                        0x08001539   Thumb Code    12  stm32f10x_tim.o(.text)
    TIM_OC2FastConfig                        0x08001545   Thumb Code    20  stm32f10x_tim.o(.text)
    TIM_OC3FastConfig                        0x08001559   Thumb Code    12  stm32f10x_tim.o(.text)
    TIM_OC4FastConfig                        0x08001565   Thumb Code    20  stm32f10x_tim.o(.text)
    TIM_ClearOC1Ref                          0x08001579   Thumb Code    12  stm32f10x_tim.o(.text)
    TIM_ClearOC2Ref                          0x08001585   Thumb Code    20  stm32f10x_tim.o(.text)
    TIM_ClearOC3Ref                          0x08001599   Thumb Code    12  stm32f10x_tim.o(.text)
    TIM_ClearOC4Ref                          0x080015a5   Thumb Code    20  stm32f10x_tim.o(.text)
    TIM_OC1PolarityConfig                    0x080015b9   Thumb Code    12  stm32f10x_tim.o(.text)
    TIM_OC1NPolarityConfig                   0x080015c5   Thumb Code    12  stm32f10x_tim.o(.text)
    TIM_OC2PolarityConfig                    0x080015d1   Thumb Code    20  stm32f10x_tim.o(.text)
    TIM_OC2NPolarityConfig                   0x080015e5   Thumb Code    20  stm32f10x_tim.o(.text)
    TIM_OC3PolarityConfig                    0x080015f9   Thumb Code    20  stm32f10x_tim.o(.text)
    TIM_OC3NPolarityConfig                   0x0800160d   Thumb Code    20  stm32f10x_tim.o(.text)
    TIM_OC4PolarityConfig                    0x08001621   Thumb Code    20  stm32f10x_tim.o(.text)
    TIM_CCxCmd                               0x08001635   Thumb Code    22  stm32f10x_tim.o(.text)
    TIM_CCxNCmd                              0x0800164b   Thumb Code    22  stm32f10x_tim.o(.text)
    TIM_SelectOCxM                           0x08001661   Thumb Code    76  stm32f10x_tim.o(.text)
    TIM_UpdateDisableConfig                  0x080016ad   Thumb Code    24  stm32f10x_tim.o(.text)
    TIM_UpdateRequestConfig                  0x080016c5   Thumb Code    24  stm32f10x_tim.o(.text)
    TIM_SelectHallSensor                     0x080016dd   Thumb Code    24  stm32f10x_tim.o(.text)
    TIM_SelectOnePulseMode                   0x080016f5   Thumb Code    16  stm32f10x_tim.o(.text)
    TIM_SelectOutputTrigger                  0x08001705   Thumb Code    16  stm32f10x_tim.o(.text)
    TIM_SelectSlaveMode                      0x08001715   Thumb Code    16  stm32f10x_tim.o(.text)
    TIM_SelectMasterSlaveMode                0x08001725   Thumb Code    16  stm32f10x_tim.o(.text)
    TIM_SetCounter                           0x08001735   Thumb Code     4  stm32f10x_tim.o(.text)
    TIM_SetAutoreload                        0x08001739   Thumb Code     4  stm32f10x_tim.o(.text)
    TIM_SetCompare1                          0x0800173d   Thumb Code     4  stm32f10x_tim.o(.text)
    TIM_SetCompare2                          0x08001741   Thumb Code     4  stm32f10x_tim.o(.text)
    TIM_SetCompare3                          0x08001745   Thumb Code     4  stm32f10x_tim.o(.text)
    TIM_SetCompare4                          0x08001749   Thumb Code     6  stm32f10x_tim.o(.text)
    TIM_SetClockDivision                     0x0800174f   Thumb Code    16  stm32f10x_tim.o(.text)
    TIM_GetCapture1                          0x0800175f   Thumb Code     4  stm32f10x_tim.o(.text)
    TIM_GetCapture2                          0x08001763   Thumb Code     4  stm32f10x_tim.o(.text)
    TIM_GetCapture3                          0x08001767   Thumb Code     4  stm32f10x_tim.o(.text)
    TIM_GetCapture4                          0x0800176b   Thumb Code     6  stm32f10x_tim.o(.text)
    TIM_GetCounter                           0x08001771   Thumb Code     4  stm32f10x_tim.o(.text)
    TIM_GetPrescaler                         0x08001775   Thumb Code     4  stm32f10x_tim.o(.text)
    TIM_GetFlagStatus                        0x08001779   Thumb Code    14  stm32f10x_tim.o(.text)
    TIM_ClearFlag                            0x08001787   Thumb Code     6  stm32f10x_tim.o(.text)
    TIM_GetITStatus                          0x0800178d   Thumb Code    24  stm32f10x_tim.o(.text)
    TIM_ClearITPendingBit                    0x080017a5   Thumb Code     6  stm32f10x_tim.o(.text)
    USART_DeInit                             0x080017ad   Thumb Code   144  stm32f10x_usart.o(.text)
    USART_Init                               0x0800183d   Thumb Code   182  stm32f10x_usart.o(.text)
    USART_StructInit                         0x080018f3   Thumb Code    22  stm32f10x_usart.o(.text)
    USART_ClockInit                          0x08001909   Thumb Code    30  stm32f10x_usart.o(.text)
    USART_ClockStructInit                    0x08001927   Thumb Code    12  stm32f10x_usart.o(.text)
    USART_Cmd                                0x08001933   Thumb Code    24  stm32f10x_usart.o(.text)
    USART_ITConfig                           0x0800194b   Thumb Code    54  stm32f10x_usart.o(.text)
    USART_DMACmd                             0x08001981   Thumb Code    20  stm32f10x_usart.o(.text)
    USART_SetAddress                         0x08001995   Thumb Code    16  stm32f10x_usart.o(.text)
    USART_WakeUpConfig                       0x080019a5   Thumb Code    16  stm32f10x_usart.o(.text)
    USART_ReceiverWakeUpCmd                  0x080019b5   Thumb Code    24  stm32f10x_usart.o(.text)
    USART_LINBreakDetectLengthConfig         0x080019cd   Thumb Code    16  stm32f10x_usart.o(.text)
    USART_LINCmd                             0x080019dd   Thumb Code    24  stm32f10x_usart.o(.text)
    USART_SendData                           0x080019f5   Thumb Code     8  stm32f10x_usart.o(.text)
    USART_ReceiveData                        0x080019fd   Thumb Code     8  stm32f10x_usart.o(.text)
    USART_SendBreak                          0x08001a05   Thumb Code    10  stm32f10x_usart.o(.text)
    USART_SetGuardTime                       0x08001a0f   Thumb Code    16  stm32f10x_usart.o(.text)
    USART_SetPrescaler                       0x08001a1f   Thumb Code    16  stm32f10x_usart.o(.text)
    USART_SmartCardCmd                       0x08001a2f   Thumb Code    24  stm32f10x_usart.o(.text)
    USART_SmartCardNACKCmd                   0x08001a47   Thumb Code    24  stm32f10x_usart.o(.text)
    USART_HalfDuplexCmd                      0x08001a5f   Thumb Code    24  stm32f10x_usart.o(.text)
    USART_OverSampling8Cmd                   0x08001a77   Thumb Code    24  stm32f10x_usart.o(.text)
    USART_OneBitMethodCmd                    0x08001a8f   Thumb Code    24  stm32f10x_usart.o(.text)
    USART_IrDAConfig                         0x08001aa7   Thumb Code    16  stm32f10x_usart.o(.text)
    USART_IrDACmd                            0x08001ab7   Thumb Code    24  stm32f10x_usart.o(.text)
    USART_GetFlagStatus                      0x08001acf   Thumb Code    14  stm32f10x_usart.o(.text)
    USART_ClearFlag                          0x08001add   Thumb Code     8  stm32f10x_usart.o(.text)
    USART_GetITStatus                        0x08001ae5   Thumb Code    64  stm32f10x_usart.o(.text)
    USART_ClearITPendingBit                  0x08001b25   Thumb Code    16  stm32f10x_usart.o(.text)
    main                                     0x08001b49   Thumb Code   102  main.o(.text)
    NMI_Handler                              0x08001bbd   Thumb Code     2  stm32f10x_it.o(.text)
    HardFault_Handler                        0x08001bbf   Thumb Code     2  stm32f10x_it.o(.text)
    MemManage_Handler                        0x08001bc1   Thumb Code     2  stm32f10x_it.o(.text)
    BusFault_Handler                         0x08001bc3   Thumb Code     2  stm32f10x_it.o(.text)
    UsageFault_Handler                       0x08001bc5   Thumb Code     2  stm32f10x_it.o(.text)
    SVC_Handler                              0x08001bc7   Thumb Code     2  stm32f10x_it.o(.text)
    DebugMon_Handler                         0x08001bc9   Thumb Code     2  stm32f10x_it.o(.text)
    PendSV_Handler                           0x08001bcb   Thumb Code     2  stm32f10x_it.o(.text)
    SysTick_Handler                          0x08001bcd   Thumb Code    30  stm32f10x_it.o(.text)
    RTC_IRQHandler                           0x08001beb   Thumb Code    48  stm32f10x_it.o(.text)
    USART_Config                             0x08001c2d   Thumb Code   134  bsp_usart.o(.text)
    Usart_SendByte                           0x08001cb3   Thumb Code    24  bsp_usart.o(.text)
    Usart_SendArray                          0x08001ccb   Thumb Code    46  bsp_usart.o(.text)
    Usart_SendString                         0x08001cf9   Thumb Code    38  bsp_usart.o(.text)
    Usart_SendHalfWord                       0x08001d1f   Thumb Code    50  bsp_usart.o(.text)
    fputc                                    0x08001d51   Thumb Code    30  bsp_usart.o(.text)
    fgetc                                    0x08001d6f   Thumb Code    26  bsp_usart.o(.text)
    Delay_us                                 0x08001d91   Thumb Code    24  digital_led.o(.text)
    TM1637_I2C_Stop                          0x08001da9   Thumb Code    52  digital_led.o(.text)
    TM1637_I2C_Ask                           0x08001ddd   Thumb Code    56  digital_led.o(.text)
    TM1637_I2C_WrByte                        0x08001e15   Thumb Code    70  digital_led.o(.text)
    TM1637_I2C_Start                         0x08001e5b   Thumb Code    46  digital_led.o(.text)
    Digital_Tube_Config                      0x08001e89   Thumb Code    80  digital_led.o(.text)
    TM1637_Display                           0x08001ed9   Thumb Code   104  digital_led.o(.text)
    number_Display                           0x08001f41   Thumb Code    72  digital_led.o(.text)
    Time_DisPlay_Process                     0x08001f89   Thumb Code   256  digital_led.o(.text)
    GENERAL_TIM_Mode_Config                  0x080020c1   Thumb Code    98  bsp_generaltim.o(.text)
    GENERAL_TIM_Init                         0x08002123   Thumb Code    20  bsp_generaltim.o(.text)
    SysTick_Init                             0x08002169   Thumb Code    26  bsp_systick.o(.text)
    SysTick_Delay_Us                         0x08002183   Thumb Code    48  bsp_systick.o(.text)
    SysTick_Delay_Ms                         0x080021b3   Thumb Code    50  bsp_systick.o(.text)
    Key_GPIO_Config                          0x080021f1   Thumb Code    52  bsp_key.o(.text)
    Key_Check                                0x08002225   Thumb Code   208  bsp_key.o(.text)
    Key_Process                              0x080022f5   Thumb Code   114  bsp_key.o(.text)
    Time_Set                                 0x08002367   Thumb Code    46  bsp_key.o(.text)
    LED_GPIO_Config                          0x080023a1   Thumb Code    86  bsp_led.o(.text)
    Time_Process                             0x080023fd   Thumb Code    28  timerprocess.o(.text)
    RTC_NVIC_Config                          0x08002421   Thumb Code    40  bsp_rtc.o(.text)
    RTC_Configuration                        0x08002449   Thumb Code    88  bsp_rtc.o(.text)
    Time_Adjust                              0x080024a1   Thumb Code    34  bsp_rtc.o(.text)
    RTC_CheckAndConfig                       0x080024c3   Thumb Code   122  bsp_rtc.o(.text)
    Time_Display                             0x0800253d   Thumb Code    96  bsp_rtc.o(.text)
    Time_Regulate_Get                        0x0800259d   Thumb Code   326  bsp_rtc.o(.text)
    Time_Show                                0x080026e3   Thumb Code    30  bsp_rtc.o(.text)
    GregorianDay                             0x080028b1   Thumb Code   122  bsp_date.o(.text)
    mktimev                                  0x0800292b   Thumb Code   114  bsp_date.o(.text)
    to_tm                                    0x0800299d   Thumb Code   150  bsp_date.o(.text)
    __aeabi_memcpy                           0x08002a45   Thumb Code    36  memcpya.o(.text)
    __aeabi_memcpy4                          0x08002a45   Thumb Code     0  memcpya.o(.text)
    __aeabi_memcpy8                          0x08002a45   Thumb Code     0  memcpya.o(.text)
    __0scanf                                 0x08002a69   Thumb Code    26  __0scanf.o(.text)
    _scanf_int                               0x08002a89   Thumb Code   332  _scanf_int.o(.text)
    __aeabi_uidiv                            0x08002bd5   Thumb Code     0  uidiv.o(.text)
    __aeabi_uidivmod                         0x08002bd5   Thumb Code    44  uidiv.o(.text)
    _chval                                   0x08002c01   Thumb Code    28  _chval.o(.text)
    __vfscanf_char_file                      0x08002c1d   Thumb Code    12  scanf_char_file.o(.text)
    __scatterload                            0x08002c31   Thumb Code    28  init.o(.text)
    __scatterload_rt2                        0x08002c31   Thumb Code     0  init.o(.text)
    _fgetc$bs                                0x08002c55   Thumb Code    28  fgetc_b.o(.text)
    __backspace                              0x08002c71   Thumb Code    10  fgetc_b.o(.text)
    __vfscanf_char                           0x08002c8d   Thumb Code    20  scanf_char.o(.text)
    __semihosting_library_function           0x08002ca9   Thumb Code     0  semi.o(.text)
    isspace                                  0x08002ca9   Thumb Code    10  isspace_c.o(.text)
    __vfscanf                                0x08002cb5   Thumb Code   810  _scanf.o(.text)
    __I$use$semihosting$fgetc                0x08002fe5   Thumb Code     0  iusesemig.o(.text)
    __ctype_lookup                           0x08002fe5   Thumb Code    34  ctype_c.o(.text)
    __0printf$3                              0x0800300d   Thumb Code    22  printf3.o(i.__0printf$3)
    __1printf$3                              0x0800300d   Thumb Code     0  printf3.o(i.__0printf$3)
    __2printf                                0x0800300d   Thumb Code     0  printf3.o(i.__0printf$3)
    __scatterload_copy                       0x0800302d   Thumb Code    14  handlers.o(i.__scatterload_copy)
    __scatterload_null                       0x0800303b   Thumb Code     2  handlers.o(i.__scatterload_null)
    __scatterload_zeroinit                   0x0800303d   Thumb Code    14  handlers.o(i.__scatterload_zeroinit)
    u8NumTab                                 0x08003204   Data          27  digital_led.o(.constdata)
    u8NumPoint                               0x0800321f   Data          11  digital_led.o(.constdata)
    __ctype_categories                       0x0800325c   Data          64  ctype_c.o(.constdata)
    Region$$Table$$Base                      0x080034d4   Number         0  anon$$obj.o(Region$$Table)
    Region$$Table$$Limit                     0x080034f4   Number         0  anon$$obj.o(Region$$Table)
    SystemCoreClock                          0x20000000   Data           4  system_stm32f10x.o(.data)
    AHBPrescTable                            0x20000004   Data          16  system_stm32f10x.o(.data)
    gc10mscount                              0x20000028   Data           1  main.o(.data)
    gc250mscount                             0x20000029   Data           1  main.o(.data)
    current_timestamp                        0x2000002c   Data           4  main.o(.data)
    systmtime                                0x20000030   Data          28  main.o(.data)
    gi1scount                                0x2000004c   Data           2  main.o(.data)
    gcKeyValue                               0x20000050   Data           1  bsp_key.o(.data)
    Key1_3sCount                             0x20000051   Data           1  bsp_key.o(.data)
    gcKeyLock1                               0x20000052   Data           1  bsp_key.o(.data)
    gcKeyLock2                               0x20000053   Data           1  bsp_key.o(.data)
    gcKeyLock1_2                             0x20000054   Data           1  bsp_key.o(.data)
    giKey1Count                              0x20000056   Data           2  bsp_key.o(.data)
    giKey2Count                              0x20000058   Data           2  bsp_key.o(.data)
    giKey1_2Count                            0x2000005a   Data           2  bsp_key.o(.data)
    set_time                                 0x2000005c   Data          28  bsp_key.o(.data)
    gc500msCount                             0x20000078   Data           1  timerprocess.o(.data)
    TimeDisplay                              0x2000007c   Data           4  bsp_rtc.o(.data)
    WEEK_STR                                 0x20000080   Data          28  bsp_rtc.o(.data)
    zodiac_sign                              0x2000009c   Data          48  bsp_rtc.o(.data)
    TimeAlarm                                0x200000cc   Data           4  bsp_rtc.o(.data)
    __stdin                                  0x20000100   Data           4  stdin.o(.data)
    __stdout                                 0x20000104   Data           4  stdout.o(.data)
    MyFlag                                   0x2000010c   Data           9  main.o(.bss)
    __initial_sp                             0x20000518   Data           0  startup_stm32f10x_hd.o(STACK)



==============================================================================

Memory Map of the image

  Image Entry point : 0x08000131

  Load Region LR_IROM1 (Base: 0x08000000, Size: 0x00003600, Max: 0x00010000, ABSOLUTE)

    Execution Region ER_IROM1 (Exec base: 0x08000000, Load base: 0x08000000, Size: 0x000034f4, Max: 0x00010000, ABSOLUTE)

    Exec Addr    Load Addr    Size         Type   Attr      Idx    E Section Name        Object

    0x08000000   0x08000000   0x00000130   Data   RO            3    RESET               startup_stm32f10x_hd.o
    0x08000130   0x08000130   0x00000000   Code   RO          641  * .ARM.Collect$$$$00000000  mc_w.l(entry.o)
    0x08000130   0x08000130   0x00000004   Code   RO          913    .ARM.Collect$$$$00000001  mc_w.l(entry2.o)
    0x08000134   0x08000134   0x00000004   Code   RO          916    .ARM.Collect$$$$00000004  mc_w.l(entry5.o)
    0x08000138   0x08000138   0x00000000   Code   RO          918    .ARM.Collect$$$$00000008  mc_w.l(entry7b.o)
    0x08000138   0x08000138   0x00000000   Code   RO          920    .ARM.Collect$$$$0000000A  mc_w.l(entry8b.o)
    0x08000138   0x08000138   0x00000008   Code   RO          921    .ARM.Collect$$$$0000000B  mc_w.l(entry9a.o)
    0x08000140   0x08000140   0x00000004   Code   RO          928    .ARM.Collect$$$$0000000E  mc_w.l(entry12b.o)
    0x08000144   0x08000144   0x00000000   Code   RO          923    .ARM.Collect$$$$0000000F  mc_w.l(entry10a.o)
    0x08000144   0x08000144   0x00000000   Code   RO          925    .ARM.Collect$$$$00000011  mc_w.l(entry11a.o)
    0x08000144   0x08000144   0x00000004   Code   RO          914    .ARM.Collect$$$$00002712  mc_w.l(entry2.o)
    0x08000148   0x08000148   0x00000024   Code   RO            4    .text               startup_stm32f10x_hd.o
    0x0800016c   0x0800016c   0x00000174   Code   RO           24    .text               system_stm32f10x.o
    0x080002e0   0x080002e0   0x000000b8   Code   RO          121    .text               misc.o
    0x08000398   0x08000398   0x0000009c   Code   RO          149    .text               stm32f10x_bkp.o
    0x08000434   0x08000434   0x00000298   Code   RO          269    .text               stm32f10x_gpio.o
    0x080006cc   0x080006cc   0x000000ac   Code   RO          305    .text               stm32f10x_pwr.o
    0x08000778   0x08000778   0x000002f4   Code   RO          317    .text               stm32f10x_rcc.o
    0x08000a6c   0x08000a6c   0x00000114   Code   RO          331    .text               stm32f10x_rtc.o
    0x08000b80   0x08000b80   0x00000c2a   Code   RO          367    .text               stm32f10x_tim.o
    0x080017aa   0x080017aa   0x00000002   PAD
    0x080017ac   0x080017ac   0x0000039c   Code   RO          379    .text               stm32f10x_usart.o
    0x08001b48   0x08001b48   0x00000074   Code   RO          403    .text               main.o
    0x08001bbc   0x08001bbc   0x00000070   Code   RO          460    .text               stm32f10x_it.o
    0x08001c2c   0x08001c2c   0x00000164   Code   RO          481    .text               bsp_usart.o
    0x08001d90   0x08001d90   0x00000308   Code   RO          493    .text               digital_led.o
    0x08002098   0x08002098   0x000000a8   Code   RO          510    .text               bsp_generaltim.o
    0x08002140   0x08002140   0x000000b0   Code   RO          522    .text               bsp_systick.o
    0x080021f0   0x080021f0   0x000001b0   Code   RO          550    .text               bsp_key.o
    0x080023a0   0x080023a0   0x0000005c   Code   RO          572    .text               bsp_led.o
    0x080023fc   0x080023fc   0x00000024   Code   RO          584    .text               timerprocess.o
    0x08002420   0x08002420   0x00000490   Code   RO          599    .text               bsp_rtc.o
    0x080028b0   0x080028b0   0x00000194   Code   RO          623    .text               bsp_date.o
    0x08002a44   0x08002a44   0x00000024   Code   RO          644    .text               mc_w.l(memcpya.o)
    0x08002a68   0x08002a68   0x00000020   Code   RO          909    .text               mc_w.l(__0scanf.o)
    0x08002a88   0x08002a88   0x0000014c   Code   RO          911    .text               mc_w.l(_scanf_int.o)
    0x08002bd4   0x08002bd4   0x0000002c   Code   RO          931    .text               mc_w.l(uidiv.o)
    0x08002c00   0x08002c00   0x0000001c   Code   RO          935    .text               mc_w.l(_chval.o)
    0x08002c1c   0x08002c1c   0x00000014   Code   RO          937    .text               mc_w.l(scanf_char_file.o)
    0x08002c30   0x08002c30   0x00000024   Code   RO          950    .text               mc_w.l(init.o)
    0x08002c54   0x08002c54   0x0000002c   Code   RO          952    .text               mc_w.l(fgetc_b.o)
    0x08002c80   0x08002c80   0x00000028   Code   RO          961    .text               mc_w.l(scanf_char.o)
    0x08002ca8   0x08002ca8   0x00000000   Code   RO          965    .text               mc_w.l(semi.o)
    0x08002ca8   0x08002ca8   0x0000000a   Code   RO          966    .text               mc_w.l(isspace_c.o)
    0x08002cb2   0x08002cb2   0x00000002   PAD
    0x08002cb4   0x08002cb4   0x00000330   Code   RO          968    .text               mc_w.l(_scanf.o)
    0x08002fe4   0x08002fe4   0x00000000   Code   RO          970    .text               mc_w.l(iusesemig.o)
    0x08002fe4   0x08002fe4   0x00000028   Code   RO          971    .text               mc_w.l(ctype_c.o)
    0x0800300c   0x0800300c   0x00000020   Code   RO          737    i.__0printf$3       mc_w.l(printf3.o)
    0x0800302c   0x0800302c   0x0000000e   Code   RO          976    i.__scatterload_copy  mc_w.l(handlers.o)
    0x0800303a   0x0800303a   0x00000002   Code   RO          977    i.__scatterload_null  mc_w.l(handlers.o)
    0x0800303c   0x0800303c   0x0000000e   Code   RO          978    i.__scatterload_zeroinit  mc_w.l(handlers.o)
    0x0800304a   0x0800304a   0x00000002   PAD
    0x0800304c   0x0800304c   0x000001b8   Code   RO          744    i._printf_core      mc_w.l(printf3.o)
    0x08003204   0x08003204   0x00000026   Data   RO          494    .constdata          digital_led.o
    0x0800322a   0x0800322a   0x00000002   PAD
    0x0800322c   0x0800322c   0x00000030   Data   RO          624    .constdata          bsp_date.o
    0x0800325c   0x0800325c   0x00000040   Data   RO          972    .constdata          mc_w.l(ctype_c.o)
    0x0800329c   0x0800329c   0x00000237   Data   RO          600    .conststring        bsp_rtc.o
    0x080034d3   0x080034d3   0x00000001   PAD
    0x080034d4   0x080034d4   0x00000020   Data   RO          974    Region$$Table       anon$$obj.o


    Execution Region RW_IRAM1 (Exec base: 0x20000000, Load base: 0x080034f4, Size: 0x00000518, Max: 0x00005000, ABSOLUTE)

    Exec Addr    Load Addr    Size         Type   Attr      Idx    E Section Name        Object

    0x20000000   0x080034f4   0x00000014   Data   RW           25    .data               system_stm32f10x.o
    0x20000014   0x08003508   0x00000014   Data   RW          318    .data               stm32f10x_rcc.o
    0x20000028   0x0800351c   0x00000024   Data   RW          405    .data               main.o
    0x2000004c   0x08003540   0x00000002   Data   RW          407    .data               main.o
    0x2000004e   0x08003542   0x00000002   PAD
    0x20000050   0x08003544   0x00000028   Data   RW          551    .data               bsp_key.o
    0x20000078   0x0800356c   0x00000001   Data   RW          585    .data               timerprocess.o
    0x20000079   0x0800356d   0x00000003   PAD
    0x2000007c   0x08003570   0x00000050   Data   RW          603    .data               bsp_rtc.o
    0x200000cc   0x080035c0   0x00000004   Data   RW          604    .data               bsp_rtc.o
    0x200000d0   0x080035c4   0x00000030   Data   RW          625    .data               bsp_date.o
    0x20000100   0x080035f4   0x00000004   Data   RW          929    .data               mc_w.l(stdin.o)
    0x20000104   0x080035f8   0x00000004   Data   RW          930    .data               mc_w.l(stdout.o)
    0x20000108   0x080035fc   0x00000003   Data   RW          953    .data               mc_w.l(fgetc_b.o)
    0x2000010b   0x080035ff   0x00000001   PAD
    0x2000010c        -       0x00000009   Zero   RW          404    .bss                main.o
    0x20000115   0x080035ff   0x00000003   PAD
    0x20000118        -       0x00000400   Zero   RW            1    STACK               startup_stm32f10x_hd.o


==============================================================================

Image component sizes


      Code (inc. data)   RO Data    RW Data    ZI Data      Debug   Object Name

       404         18         48         48          0       2497   bsp_date.o
       168         10          0          0          0       1135   bsp_generaltim.o
       432         12          0         40          0       2061   bsp_key.o
        92          6          0          0          0        526   bsp_led.o
      1168        446        567         84          0       3532   bsp_rtc.o
       176         12          0          0          0      16624   bsp_systick.o
       356          8          0          0          0       2510   bsp_usart.o
         0          0          0          0          0       4532   core_cm3.o
       776         16         38          0          0       3762   digital_led.o
       116         14          0         38          9       4629   main.o
       184         12          0          0          0       1961   misc.o
        36          8        304          0       1024        864   startup_stm32f10x_hd.o
       156          8          0          0          0       3460   stm32f10x_bkp.o
       664         36          0          0          0       6245   stm32f10x_gpio.o
       112         18          0          0          0       1493   stm32f10x_it.o
       172         12          0          0          0       1963   stm32f10x_pwr.o
       756         32          0         20          0       9372   stm32f10x_rcc.o
       276          6          0          0          0       2810   stm32f10x_rtc.o
      3114         84          0          0          0      25136   stm32f10x_tim.o
       924         20          0          0          0       9204   stm32f10x_usart.o
       372         34          0         20          0     248919   system_stm32f10x.o
        36          8          0          1          0        718   timerprocess.o

    ----------------------------------------------------------------------
     10492        820        992        256       1036     353953   Object Totals
         0          0         32          0          0          0   (incl. Generated)
         2          0          3          5          3          0   (incl. Padding)

    ----------------------------------------------------------------------

      Code (inc. data)   RO Data    RW Data    ZI Data      Debug   Library Member Name

        32          6          0          0          0         84   __0scanf.o
        28          0          0          0          0         68   _chval.o
       816          6          0          0          0        112   _scanf.o
       332          0          0          0          0         96   _scanf_int.o
        40          6         64          0          0         68   ctype_c.o
         0          0          0          0          0          0   entry.o
         0          0          0          0          0          0   entry10a.o
         0          0          0          0          0          0   entry11a.o
         4          0          0          0          0          0   entry12b.o
         8          4          0          0          0          0   entry2.o
         4          0          0          0          0          0   entry5.o
         0          0          0          0          0          0   entry7b.o
         0          0          0          0          0          0   entry8b.o
         8          4          0          0          0          0   entry9a.o
        44          6          0          3          0        144   fgetc_b.o
        30          0          0          0          0          0   handlers.o
        36          8          0          0          0         68   init.o
        10          0          0          0          0         68   isspace_c.o
         0          0          0          0          0          0   iusesemig.o
        36          0          0          0          0         68   memcpya.o
       472         14          0          0          0        184   printf3.o
        40          8          0          0          0         84   scanf_char.o
        20          8          0          0          0         68   scanf_char_file.o
         0          0          0          0          0          0   semi.o
         0          0          0          4          0          0   stdin.o
         0          0          0          4          0          0   stdout.o
        44          0          0          0          0         80   uidiv.o

    ----------------------------------------------------------------------
      2008         70         64         12          0       1192   Library Totals
         4          0          0          1          0          0   (incl. Padding)

    ----------------------------------------------------------------------

      Code (inc. data)   RO Data    RW Data    ZI Data      Debug   Library Name

      2004         70         64         11          0       1192   mc_w.l

    ----------------------------------------------------------------------
      2008         70         64         12          0       1192   Library Totals

    ----------------------------------------------------------------------

==============================================================================


      Code (inc. data)   RO Data    RW Data    ZI Data      Debug   

     12500        890       1056        268       1036     352697   Grand Totals
     12500        890       1056        268       1036     352697   ELF Image Totals
     12500        890       1056        268          0          0   ROM Totals

==============================================================================

    Total RO  Size (Code + RO Data)                13556 (  13.24kB)
    Total RW  Size (RW Data + ZI Data)              1304 (   1.27kB)
    Total ROM Size (Code + RO Data + RW Data)      13824 (  13.50kB)

==============================================================================

